Component: ARM Compiler 5.06 update 4 (build 422) Tool: armlink [4d35d2]

==============================================================================

Section Cross References

    cppforstm32.o(.text) refers to stm32f4xx_usart.o(.text) for USART_GetFlagStatus
    cppforstm32.o(.ARM.exidx) refers to cppforstm32.o(.text) for .text
    main.o(.text) refers to bsp.o(.text) for BSPinit()
    main.o(.text) refers to timer.o(.text) for delay_nms(unsigned short)
    main.o(.text) refers to printfa.o(i.__0printf) for __2printf
    main.o(.text) refers to dji_api.o(.text) for DJI::onboardSDK::CoreAPI::setBroadcastFreq(unsigned char*, void(*)(DJI::onboardSDK::CoreAPI*, DJI::onboardSDK::Header*, void*), void*)
    main.o(.text) refers to dji_app.o(.text) for DJI::onboardSDK::CoreAPI::setBroadcastCallback(void(*)(DJI::onboardSDK::CoreAPI*, DJI::onboardSDK::Header*, void*), void*)
    main.o(.text) refers to activate.o(.text) for User_Activate()
    main.o(.text) refers to mobilecommand.o(.text) for mobileCommandHandler(DJI::onboardSDK::CoreAPI*, DJI::onboardSDK::Flight*)
    main.o(.text) refers to receive.o(.text) for TerminalCommand::terminalCommandHandler(DJI::onboardSDK::CoreAPI*, DJI::onboardSDK::Flight*)
    main.o(.text) refers to dji_link.o(.text) for DJI::onboardSDK::CoreAPI::sendPoll()
    main.o(.text) refers to new.o(i._Znwj) for operator new(unsigned)
    main.o(.text) refers to dji_flight.o(.text) for DJI::onboardSDK::Flight::Flight(DJI::onboardSDK::CoreAPI*)
    main.o(.text) refers to dji_virtualrc.o(.text) for DJI::onboardSDK::VirtualRC::VirtualRC(DJI::onboardSDK::CoreAPI*)
    main.o(.text) refers to main.o(.conststring) for .conststring
    main.o(.text) refers to localnavigation.o(.data) for myFreq
    main.o(.text) refers to main.o(.data) for coreApi
    main.o(.text) refers to localnavigation.o(.bss) for droneState
    main.o(.text) refers to localnavigation.o(.text) for myRecvCallback(DJI::onboardSDK::CoreAPI*, DJI::onboardSDK::Header*, void*)
    main.o(.text) refers to receive.o(.bss) for myTerminal
    main.o(.text) refers to dji_harddriver.o(.constdata__ZTVN3DJI10onboardSDK10HardDriverE) for vtable for DJI::onboardSDK::HardDriver
    main.o(.text) refers to driver.o(.constdata__ZTV7STM32F4) for vtable for STM32F4
    main.o(.text) refers to main.o(.bss) for defaultAPI
    main.o(.ARM.exidx) refers to main.o(.text) for .text
    main.o(.data) refers to main.o(.bss) for defaultAPI
    main.o(.init_array) refers to main.o(.text) for __sti___8_main_cpp_driver
    main.o(.init_array) refers to cpp_init.o(.text) for __cpp_initialize__aeabi_
    activate.o(.text) refers to dji_api.o(.text) for DJI::onboardSDK::CoreAPI::activate(DJI::onboardSDK::ActivateData*, void(*)(DJI::onboardSDK::CoreAPI*, DJI::onboardSDK::Header*, void*), void*)
    activate.o(.text) refers to activate.o(.data) for key_buf
    activate.o(.text) refers to main.o(.data) for coreApi
    activate.o(.ARM.exidx) refers to activate.o(.text) for .text
    virtualrc.o(.text) refers to dji_virtualrc.o(.text) for DJI::onboardSDK::VirtualRC::setControl(bool, DJI::onboardSDK::VirtualRC::CutOff)
    virtualrc.o(.text) refers to memmovea.o(.text) for __aeabi_memcpy
    virtualrc.o(.text) refers to main.o(.bss) for virtualrc
    virtualrc.o(.text) refers to virtualrc.o(.data) for VRCdataTurnF
    virtualrc.o(.text) refers to main.o(.data) for myVRCdata
    virtualrc.o(.ARM.exidx) refers to virtualrc.o(.text) for .text
    hotpoint.o(.text) refers to dji_app.o(.text) for DJI::onboardSDK::CoreAPI::getBroadcastData() const
    hotpoint.o(.text) refers to memmovea.o(.text) for __aeabi_memcpy4
    hotpoint.o(.text) refers to dji_hotpoint.o(.text) for DJI::onboardSDK::HotPoint::setHotPoint(DJI::onboardSDK::GPSPositionData)
    hotpoint.o(.text) refers to f2d.o(.text) for __aeabi_f2d
    hotpoint.o(.text) refers to hotpoint.o(.bss) for myGPSData
    hotpoint.o(.text) refers to main.o(.data) for coreApi
    hotpoint.o(.ARM.exidx) refers to hotpoint.o(.text) for .text
    hotpoint.o(.init_array) refers to hotpoint.o(.text) for __sti___12_HotPoint_cpp_hotpoint
    hotpoint.o(.init_array) refers to cpp_init.o(.text) for __cpp_initialize__aeabi_
    receive.o(.text) refers to stm32f4xx_usart.o(.text) for USART_GetFlagStatus
    receive.o(.text) refers to dji_api.o(.text) for DJI::onboardSDK::CoreAPI::getDroneVersion(void(*)(DJI::onboardSDK::CoreAPI*, DJI::onboardSDK::Header*, void*), void*)
    receive.o(.text) refers to activate.o(.text) for User_Activate()
    receive.o(.text) refers to dji_flight.o(.text) for DJI::onboardSDK::Flight::setArm(bool, void(*)(DJI::onboardSDK::CoreAPI*, DJI::onboardSDK::Header*, void*), void*)
    receive.o(.text) refers to stm32f4xx_tim.o(.text) for TIM_Cmd
    receive.o(.text) refers to f2d.o(.text) for __aeabi_f2d
    receive.o(.text) refers to printfa.o(i.__0printf) for __2printf
    receive.o(.text) refers to virtualrc.o(.text) for VRCResetData()
    receive.o(.text) refers to dfltui.o(.text) for __aeabi_ui2d
[...]
    RCC_WaitForHSEStartUp                    0x08001793   Thumb Code    56  stm32f4xx_rcc.o(.text)
    RCC_AdjustHSICalibrationValue            0x080017cb   Thumb Code    20  stm32f4xx_rcc.o(.text)
    RCC_HSICmd                               0x080017df   Thumb Code     6  stm32f4xx_rcc.o(.text)
    RCC_LSEConfig                            0x080017e5   Thumb Code    46  stm32f4xx_rcc.o(.text)
    RCC_LSICmd                               0x08001813   Thumb Code     6  stm32f4xx_rcc.o(.text)
    RCC_PLLConfig                            0x08001819   Thumb Code    32  stm32f4xx_rcc.o(.text)
    RCC_PLLCmd                               0x08001839   Thumb Code     6  stm32f4xx_rcc.o(.text)
    RCC_PLLI2SConfig                         0x0800183f   Thumb Code    14  stm32f4xx_rcc.o(.text)
    RCC_PLLI2SCmd                            0x0800184d   Thumb Code     6  stm32f4xx_rcc.o(.text)
    RCC_ClockSecuritySystemCmd               0x08001853   Thumb Code     6  stm32f4xx_rcc.o(.text)
    RCC_MCO1Config                           0x08001859   Thumb Code    28  stm32f4xx_rcc.o(.text)
    RCC_MCO2Config                           0x08001875   Thumb Code    28  stm32f4xx_rcc.o(.text)
    RCC_SYSCLKConfig                         0x08001891   Thumb Code    20  stm32f4xx_rcc.o(.text)
    RCC_GetSYSCLKSource                      0x080018a5   Thumb Code    12  stm32f4xx_rcc.o(.text)
    RCC_HCLKConfig                           0x080018b1   Thumb Code    20  stm32f4xx_rcc.o(.text)
    RCC_PCLK1Config                          0x080018c5   Thumb Code    20  stm32f4xx_rcc.o(.text)
    RCC_PCLK2Config                          0x080018d9   Thumb Code    22  stm32f4xx_rcc.o(.text)
    RCC_GetClocksFreq                        0x080018ef   Thumb Code   222  stm32f4xx_rcc.o(.text)
    RCC_RTCCLKConfig                         0x080019cd   Thumb Code    54  stm32f4xx_rcc.o(.text)
    RCC_RTCCLKCmd                            0x08001a03   Thumb Code     8  stm32f4xx_rcc.o(.text)
    RCC_BackupResetCmd                       0x08001a0b   Thumb Code     8  stm32f4xx_rcc.o(.text)
    RCC_I2SCLKConfig                         0x08001a13   Thumb Code     6  stm32f4xx_rcc.o(.text)
    RCC_TIMCLKPresConfig                     0x08001a19   Thumb Code     6  stm32f4xx_rcc.o(.text)
    RCC_AHB1PeriphClockCmd                   0x08001a1f   Thumb Code    34  stm32f4xx_rcc.o(.text)
    RCC_AHB2PeriphClockCmd                   0x08001a41   Thumb Code    34  stm32f4xx_rcc.o(.text)
    RCC_AHB3PeriphClockCmd                   0x08001a63   Thumb Code    34  stm32f4xx_rcc.o(.text)
    RCC_APB1PeriphClockCmd                   0x08001a85   Thumb Code    34  stm32f4xx_rcc.o(.text)
    RCC_APB2PeriphClockCmd                   0x08001aa7   Thumb Code    34  stm32f4xx_rcc.o(.text)
    RCC_AHB1PeriphResetCmd                   0x08001ac9   Thumb Code    84  stm32f4xx_rcc.o(.text)
    RCC_AHB2PeriphResetCmd                   0x08001b1d   Thumb Code    26  stm32f4xx_rcc.o(.text)
    RCC_AHB3PeriphResetCmd                   0x08001b37   Thumb Code    34  stm32f4xx_rcc.o(.text)
    RCC_APB1PeriphResetCmd                   0x08001b59   Thumb Code    34  stm32f4xx_rcc.o(.text)
    RCC_APB2PeriphResetCmd                   0x08001b7b   Thumb Code    34  stm32f4xx_rcc.o(.text)
    RCC_AHB1PeriphClockLPModeCmd             0x08001b9d   Thumb Code    34  stm32f4xx_rcc.o(.text)
    RCC_AHB2PeriphClockLPModeCmd             0x08001bbf   Thumb Code    34  stm32f4xx_rcc.o(.text)
    RCC_AHB3PeriphClockLPModeCmd             0x08001be1   Thumb Code    34  stm32f4xx_rcc.o(.text)
    RCC_APB1PeriphClockLPModeCmd             0x08001c03   Thumb Code    34  stm32f4xx_rcc.o(.text)
    RCC_APB2PeriphClockLPModeCmd             0x08001c25   Thumb Code    34  stm32f4xx_rcc.o(.text)
    RCC_ITConfig                             0x08001c47   Thumb Code    34  stm32f4xx_rcc.o(.text)
    RCC_ClearFlag                            0x08001c69   Thumb Code    18  stm32f4xx_rcc.o(.text)
    RCC_GetITStatus                          0x08001c7b   Thumb Code    22  stm32f4xx_rcc.o(.text)
    RCC_ClearITPendingBit                    0x08001c91   Thumb Code     8  stm32f4xx_rcc.o(.text)
    TIM_DeInit                               0x08001c9d   Thumb Code   346  stm32f4xx_tim.o(.text)
    TIM_TimeBaseInit                         0x08001df7   Thumb Code   104  stm32f4xx_tim.o(.text)
    TIM_TimeBaseStructInit                   0x08001e5f   Thumb Code    18  stm32f4xx_tim.o(.text)
    TIM_PrescalerConfig                      0x08001e71   Thumb Code     6  stm32f4xx_tim.o(.text)
    TIM_CounterModeConfig                    0x08001e77   Thumb Code    18  stm32f4xx_tim.o(.text)
    TIM_SetCounter                           0x08001e89   Thumb Code     4  stm32f4xx_tim.o(.text)
    TIM_SetAutoreload                        0x08001e8d   Thumb Code     4  stm32f4xx_tim.o(.text)
    TIM_GetCounter                           0x08001e91   Thumb Code     6  stm32f4xx_tim.o(.text)
    TIM_GetPrescaler                         0x08001e97   Thumb Code     6  stm32f4xx_tim.o(.text)
    TIM_UpdateDisableConfig                  0x08001e9d   Thumb Code    24  stm32f4xx_tim.o(.text)
    TIM_UpdateRequestConfig                  0x08001eb5   Thumb Code    24  stm32f4xx_tim.o(.text)
    TIM_ARRPreloadConfig                     0x08001ecd   Thumb Code    24  stm32f4xx_tim.o(.text)
    TIM_SelectOnePulseMode                   0x08001ee5   Thumb Code    18  stm32f4xx_tim.o(.text)
    TIM_SetClockDivision                     0x08001ef7   Thumb Code    18  stm32f4xx_tim.o(.text)
    TIM_Cmd                                  0x08001f09   Thumb Code    24  stm32f4xx_tim.o(.text)
    TIM_OC1Init                              0x08001f21   Thumb Code   114  stm32f4xx_tim.o(.text)
    TIM_OC2Init                              0x08001f93   Thumb Code   154  stm32f4xx_tim.o(.text)
    TIM_OC3Init                              0x0800202d   Thumb Code   204  stm32f4xx_tim.o(.text)
    TIM_OC4Init                              0x080020f9   Thumb Code   112  stm32f4xx_tim.o(.text)
    TIM_OCStructInit                         0x08002169   Thumb Code    20  stm32f4xx_tim.o(.text)
    TIM_SelectOCxM                           0x0800217d   Thumb Code    86  stm32f4xx_tim.o(.text)
    TIM_SetCompare1                          0x080021d3   Thumb Code     4  stm32f4xx_tim.o(.text)
    TIM_SetCompare2                          0x080021d7   Thumb Code     4  stm32f4xx_tim.o(.text)
    TIM_SetCompare3                          0x080021db   Thumb Code     4  stm32f4xx_tim.o(.text)
    TIM_SetCompare4                          0x080021df   Thumb Code     4  stm32f4xx_tim.o(.text)
    TIM_ForcedOC1Config                      0x080021e3   Thumb Code    18  stm32f4xx_tim.o(.text)
    TIM_ForcedOC2Config                      0x080021f5   Thumb Code    26  stm32f4xx_tim.o(.text)
    TIM_ForcedOC3Config                      0x0800220f   Thumb Code    18  stm32f4xx_tim.o(.text)
    TIM_ForcedOC4Config                      0x08002221   Thumb Code    26  stm32f4xx_tim.o(.text)
    TIM_OC1PreloadConfig                     0x0800223b   Thumb Code    18  stm32f4xx_tim.o(.text)
    TIM_OC2PreloadConfig                     0x0800224d   Thumb Code    26  stm32f4xx_tim.o(.text)
    TIM_OC3PreloadConfig                     0x08002267   Thumb Code    18  stm32f4xx_tim.o(.text)
    TIM_OC4PreloadConfig                     0x08002279   Thumb Code    26  stm32f4xx_tim.o(.text)
    TIM_OC1FastConfig                        0x08002293   Thumb Code    18  stm32f4xx_tim.o(.text)
    TIM_OC2FastConfig                        0x080022a5   Thumb Code    26  stm32f4xx_tim.o(.text)
    TIM_OC3FastConfig                        0x080022bf   Thumb Code    18  stm32f4xx_tim.o(.text)
    TIM_OC4FastConfig                        0x080022d1   Thumb Code    26  stm32f4xx_tim.o(.text)
    TIM_ClearOC1Ref                          0x080022eb   Thumb Code    18  stm32f4xx_tim.o(.text)
    TIM_ClearOC2Ref                          0x080022fd   Thumb Code    24  stm32f4xx_tim.o(.text)
    TIM_ClearOC3Ref                          0x08002315   Thumb Code    18  stm32f4xx_tim.o(.text)
    TIM_ClearOC4Ref                          0x08002327   Thumb Code    24  stm32f4xx_tim.o(.text)
    TIM_OC1PolarityConfig                    0x0800233f   Thumb Code    18  stm32f4xx_tim.o(.text)
    TIM_OC1NPolarityConfig                   0x08002351   Thumb Code    18  stm32f4xx_tim.o(.text)
    TIM_OC2PolarityConfig                    0x08002363   Thumb Code    26  stm32f4xx_tim.o(.text)
    TIM_OC2NPolarityConfig                   0x0800237d   Thumb Code    26  stm32f4xx_tim.o(.text)
    TIM_OC3PolarityConfig                    0x08002397   Thumb Code    26  stm32f4xx_tim.o(.text)
    TIM_OC3NPolarityConfig                   0x080023b1   Thumb Code    26  stm32f4xx_tim.o(.text)
    TIM_OC4PolarityConfig                    0x080023cb   Thumb Code    26  stm32f4xx_tim.o(.text)
    TIM_CCxCmd                               0x080023e5   Thumb Code    30  stm32f4xx_tim.o(.text)
    TIM_CCxNCmd                              0x08002403   Thumb Code    30  stm32f4xx_tim.o(.text)
    TIM_SetIC4Prescaler                      0x08002421   Thumb Code    26  stm32f4xx_tim.o(.text)
    TIM_SetIC3Prescaler                      0x0800248b   Thumb Code    18  stm32f4xx_tim.o(.text)
    TIM_SetIC2Prescaler                      0x080024e5   Thumb Code    26  stm32f4xx_tim.o(.text)
    TIM_SetIC1Prescaler                      0x08002559   Thumb Code    18  stm32f4xx_tim.o(.text)
    TIM_ICInit                               0x080025a5   Thumb Code   110  stm32f4xx_tim.o(.text)
    TIM_ICStructInit                         0x08002613   Thumb Code    18  stm32f4xx_tim.o(.text)
    TIM_PWMIConfig                           0x08002625   Thumb Code   124  stm32f4xx_tim.o(.text)
    TIM_GetCapture1                          0x080026a1   Thumb Code     6  stm32f4xx_tim.o(.text)
    TIM_GetCapture2                          0x080026a7   Thumb Code     6  stm32f4xx_tim.o(.text)
    TIM_GetCapture3                          0x080026ad   Thumb Code     6  stm32f4xx_tim.o(.text)
    TIM_GetCapture4                          0x080026b3   Thumb Code     6  stm32f4xx_tim.o(.text)
    TIM_BDTRConfig                           0x080026b9   Thumb Code    32  stm32f4xx_tim.o(.text)
    TIM_BDTRStructInit                       0x080026d9   Thumb Code    18  stm32f4xx_tim.o(.text)
    TIM_CtrlPWMOutputs                       0x080026eb   Thumb Code    30  stm32f4xx_tim.o(.text)
    TIM_SelectCOM                            0x08002709   Thumb Code    24  stm32f4xx_tim.o(.text)
    TIM_CCPreloadControl                     0x08002721   Thumb Code    24  stm32f4xx_tim.o(.text)
    TIM_ITConfig                             0x08002739   Thumb Code    18  stm32f4xx_tim.o(.text)
    TIM_GenerateEvent                        0x0800274b   Thumb Code     4  stm32f4xx_tim.o(.text)
    TIM_GetFlagStatus                        0x0800274f   Thumb Code    18  stm32f4xx_tim.o(.text)
    TIM_ClearFlag                            0x08002761   Thumb Code     6  stm32f4xx_tim.o(.text)
    TIM_GetITStatus                          0x08002767   Thumb Code    34  stm32f4xx_tim.o(.text)
    TIM_ClearITPendingBit                    0x08002789   Thumb Code     6  stm32f4xx_tim.o(.text)
    TIM_DMAConfig                            0x0800278f   Thumb Code    10  stm32f4xx_tim.o(.text)
    TIM_DMACmd                               0x08002799   Thumb Code    18  stm32f4xx_tim.o(.text)
    TIM_SelectCCDMA                          0x080027ab   Thumb Code    24  stm32f4xx_tim.o(.text)
    TIM_InternalClockConfig                  0x080027c3   Thumb Code    12  stm32f4xx_tim.o(.text)
    TIM_SelectInputTrigger                   0x080027cf   Thumb Code    18  stm32f4xx_tim.o(.text)
    TIM_ITRxExternalClockConfig              0x080027e1   Thumb Code    24  stm32f4xx_tim.o(.text)
    TIM_TIxExternalClockConfig               0x080027f9   Thumb Code    62  stm32f4xx_tim.o(.text)
    TIM_ETRConfig                            0x08002837   Thumb Code    28  stm32f4xx_tim.o(.text)
    TIM_ETRClockMode1Config                  0x08002853   Thumb Code    54  stm32f4xx_tim.o(.text)
    TIM_ETRClockMode2Config                  0x08002889   Thumb Code    32  stm32f4xx_tim.o(.text)
    TIM_SelectOutputTrigger                  0x080028a9   Thumb Code    18  stm32f4xx_tim.o(.text)
    TIM_SelectSlaveMode                      0x080028bb   Thumb Code    18  stm32f4xx_tim.o(.text)
    TIM_SelectMasterSlaveMode                0x080028cd   Thumb Code    18  stm32f4xx_tim.o(.text)
    TIM_EncoderInterfaceConfig               0x080028df   Thumb Code    66  stm32f4xx_tim.o(.text)
    TIM_SelectHallSensor                     0x08002921   Thumb Code    24  stm32f4xx_tim.o(.text)
    TIM_RemapConfig                          0x08002939   Thumb Code     6  stm32f4xx_tim.o(.text)
    USART_DeInit                             0x08002941   Thumb Code   206  stm32f4xx_usart.o(.text)
    USART_Init                               0x08002a0f   Thumb Code   204  stm32f4xx_usart.o(.text)
    USART_StructInit                         0x08002adb   Thumb Code    24  stm32f4xx_usart.o(.text)
    USART_ClockInit                          0x08002af3   Thumb Code    32  stm32f4xx_usart.o(.text)
    USART_ClockStructInit                    0x08002b13   Thumb Code    12  stm32f4xx_usart.o(.text)
    USART_Cmd                                0x08002b1f   Thumb Code    24  stm32f4xx_usart.o(.text)
    USART_SetPrescaler                       0x08002b37   Thumb Code    16  stm32f4xx_usart.o(.text)
    USART_OverSampling8Cmd                   0x08002b47   Thumb Code    22  stm32f4xx_usart.o(.text)
    USART_OneBitMethodCmd                    0x08002b5d   Thumb Code    24  stm32f4xx_usart.o(.text)
    USART_SendData                           0x08002b75   Thumb Code     8  stm32f4xx_usart.o(.text)
    USART_ReceiveData                        0x08002b7d   Thumb Code    10  stm32f4xx_usart.o(.text)
    USART_SetAddress                         0x08002b87   Thumb Code    18  stm32f4xx_usart.o(.text)
    USART_ReceiverWakeUpCmd                  0x08002b99   Thumb Code    24  stm32f4xx_usart.o(.text)
    USART_WakeUpConfig                       0x08002bb1   Thumb Code    18  stm32f4xx_usart.o(.text)
    USART_LINBreakDetectLengthConfig         0x08002bc3   Thumb Code    18  stm32f4xx_usart.o(.text)
    USART_LINCmd                             0x08002bd5   Thumb Code    24  stm32f4xx_usart.o(.text)
    USART_SendBreak                          0x08002bed   Thumb Code    10  stm32f4xx_usart.o(.text)
    USART_HalfDuplexCmd                      0x08002bf7   Thumb Code    24  stm32f4xx_usart.o(.text)
    USART_SetGuardTime                       0x08002c0f   Thumb Code    16  stm32f4xx_usart.o(.text)
    USART_SmartCardCmd                       0x08002c1f   Thumb Code    24  stm32f4xx_usart.o(.text)
    USART_SmartCardNACKCmd                   0x08002c37   Thumb Code    24  stm32f4xx_usart.o(.text)
    USART_IrDAConfig                         0x08002c4f   Thumb Code    18  stm32f4xx_usart.o(.text)
    USART_IrDACmd                            0x08002c61   Thumb Code    24  stm32f4xx_usart.o(.text)
    USART_DMACmd                             0x08002c79   Thumb Code    18  stm32f4xx_usart.o(.text)
    USART_ITConfig                           0x08002c8b   Thumb Code    74  stm32f4xx_usart.o(.text)
    USART_GetFlagStatus                      0x08002cd5   Thumb Code    26  stm32f4xx_usart.o(.text)
    USART_ClearFlag                          0x08002cef   Thumb Code    18  stm32f4xx_usart.o(.text)
    USART_GetITStatus                        0x08002d01   Thumb Code   118  stm32f4xx_usart.o(.text)
    USART_ClearITPendingBit                  0x08002d77   Thumb Code    30  stm32f4xx_usart.o(.text)
    SystemInit                               0x08002e71   Thumb Code    88  system_stm32f4xx.o(.text)
    SystemCoreClockUpdate                    0x08002ec9   Thumb Code   174  system_stm32f4xx.o(.text)
    Reset_Handler                            0x08002fa5   Thumb Code     8  startup_stm32f40_41xxx.o(.text)
    NMI_Handler                              0x08002fad   Thumb Code     2  startup_stm32f40_41xxx.o(.text)
    HardFault_Handler                        0x08002faf   Thumb Code     2  startup_stm32f40_41xxx.o(.text)
    MemManage_Handler                        0x08002fb1   Thumb Code     2  startup_stm32f40_41xxx.o(.text)
    BusFault_Handler                         0x08002fb3   Thumb Code     2  startup_stm32f40_41xxx.o(.text)
    UsageFault_Handler                       0x08002fb5   Thumb Code     2  startup_stm32f40_41xxx.o(.text)
    SVC_Handler                              0x08002fb7   Thumb Code     2  startup_stm32f40_41xxx.o(.text)
    DebugMon_Handler                         0x08002fb9   Thumb Code     2  startup_stm32f40_41xxx.o(.text)
    PendSV_Handler                           0x08002fbb   Thumb Code     2  startup_stm32f40_41xxx.o(.text)
    ADC_IRQHandler                           0x08002fbf   Thumb Code     0  startup_stm32f40_41xxx.o(.text)
    CAN1_RX0_IRQHandler                      0x08002fbf   Thumb Code     0  startup_stm32f40_41xxx.o(.text)
    CAN1_RX1_IRQHandler                      0x08002fbf   Thumb Code     0  startup_stm32f40_41xxx.o(.text)
    CAN1_SCE_IRQHandler                      0x08002fbf   Thumb Code     0  startup_stm32f40_41xxx.o(.text)
    CAN1_TX_IRQHandler                       0x08002fbf   Thumb Code     0  startup_stm32f40_41xxx.o(.text)
    CAN2_RX0_IRQHandler                      0x08002fbf   Thumb Code     0  startup_stm32f40_41xxx.o(.text)
    CAN2_RX1_IRQHandler                      0x08002fbf   Thumb Code     0  startup_stm32f40_41xxx.o(.text)
    CAN2_SCE_IRQHandler                      0x08002fbf   Thumb Code     0  startup_stm32f40_41xxx.o(.text)
    CAN2_TX_IRQHandler                       0x08002fbf   Thumb Code     0  startup_stm32f40_41xxx.o(.text)
    CRYP_IRQHandler                          0x08002fbf   Thumb Code     0  startup_stm32f40_41xxx.o(.text)
    DCMI_IRQHandler                          0x08002fbf   Thumb Code     0  startup_stm32f40_41xxx.o(.text)
    DMA1_Stream0_IRQHandler                  0x08002fbf   Thumb Code     0  startup_stm32f40_41xxx.o(.text)
    DMA1_Stream1_IRQHandler                  0x08002fbf   Thumb Code     0  startup_stm32f40_41xxx.o(.text)
    DMA1_Stream2_IRQHandler                  0x08002fbf   Thumb Code     0  startup_stm32f40_41xxx.o(.text)
    DMA1_Stream3_IRQHandler                  0x08002fbf   Thumb Code     0  startup_stm32f40_41xxx.o(.text)
    DMA1_Stream4_IRQHandler                  0x08002fbf   Thumb Code     0  startup_stm32f40_41xxx.o(.text)
    DMA1_Stream5_IRQHandler                  0x08002fbf   Thumb Code     0  startup_stm32f40_41xxx.o(.text)
    DMA1_Stream6_IRQHandler                  0x08002fbf   Thumb Code     0  startup_stm32f40_41xxx.o(.text)
    DMA1_Stream7_IRQHandler                  0x08002fbf   Thumb Code     0  startup_stm32f40_41xxx.o(.text)
    DMA2_Stream0_IRQHandler                  0x08002fbf   Thumb Code     0  startup_stm32f40_41xxx.o(.text)
    DMA2_Stream1_IRQHandler                  0x08002fbf   Thumb Code     0  startup_stm32f40_41xxx.o(.text)
    DMA2_Stream2_IRQHandler                  0x08002fbf   Thumb Code     0  startup_stm32f40_41xxx.o(.text)
    DMA2_Stream3_IRQHandler                  0x08002fbf   Thumb Code     0  startup_stm32f40_41xxx.o(.text)
    DMA2_Stream4_IRQHandler                  0x08002fbf   Thumb Code     0  startup_stm32f40_41xxx.o(.text)
    DMA2_Stream5_IRQHandler                  0x08002fbf   Thumb Code     0  startup_stm32f40_41xxx.o(.text)
    DMA2_Stream6_IRQHandler                  0x08002fbf   Thumb Code     0  startup_stm32f40_41xxx.o(.text)
    DMA2_Stream7_IRQHandler                  0x08002fbf   Thumb Code     0  startup_stm32f40_41xxx.o(.text)
    ETH_IRQHandler                           0x08002fbf   Thumb Code     0  startup_stm32f40_41xxx.o(.text)
    ETH_WKUP_IRQHandler                      0x08002fbf   Thumb Code     0  startup_stm32f40_41xxx.o(.text)
    EXTI0_IRQHandler                         0x08002fbf   Thumb Code     0  startup_stm32f40_41xxx.o(.text)
    EXTI15_10_IRQHandler                     0x08002fbf   Thumb Code     0  startup_stm32f40_41xxx.o(.text)
    EXTI1_IRQHandler                         0x08002fbf   Thumb Code     0  startup_stm32f40_41xxx.o(.text)
    EXTI2_IRQHandler                         0x08002fbf   Thumb Code     0  startup_stm32f40_41xxx.o(.text)
    EXTI3_IRQHandler                         0x08002fbf   Thumb Code     0  startup_stm32f40_41xxx.o(.text)
    EXTI4_IRQHandler                         0x08002fbf   Thumb Code     0  startup_stm32f40_41xxx.o(.text)
    EXTI9_5_IRQHandler                       0x08002fbf   Thumb Code     0  startup_stm32f40_41xxx.o(.text)
    FLASH_IRQHandler                         0x08002fbf   Thumb Code     0  startup_stm32f40_41xxx.o(.text)
    FPU_IRQHandler                           0x08002fbf   Thumb Code     0  startup_stm32f40_41xxx.o(.text)
    FSMC_IRQHandler                          0x08002fbf   Thumb Code     0  startup_stm32f40_41xxx.o(.text)
    HASH_RNG_IRQHandler                      0x08002fbf   Thumb Code     0  startup_stm32f40_41xxx.o(.text)
    I2C1_ER_IRQHandler                       0x08002fbf   Thumb Code     0  startup_stm32f40_41xxx.o(.text)
    I2C1_EV_IRQHandler                       0x08002fbf   Thumb Code     0  startup_stm32f40_41xxx.o(.text)
    I2C2_ER_IRQHandler                       0x08002fbf   Thumb Code     0  startup_stm32f40_41xxx.o(.text)
    I2C2_EV_IRQHandler                       0x08002fbf   Thumb Code     0  startup_stm32f40_41xxx.o(.text)
    I2C3_ER_IRQHandler                       0x08002fbf   Thumb Code     0  startup_stm32f40_41xxx.o(.text)
    I2C3_EV_IRQHandler                       0x08002fbf   Thumb Code     0  startup_stm32f40_41xxx.o(.text)
    OTG_FS_IRQHandler                        0x08002fbf   Thumb Code     0  startup_stm32f40_41xxx.o(.text)
    OTG_FS_WKUP_IRQHandler                   0x08002fbf   Thumb Code     0  startup_stm32f40_41xxx.o(.text)
    OTG_HS_EP1_IN_IRQHandler                 0x08002fbf   Thumb Code     0  startup_stm32f40_41xxx.o(.text)
    OTG_HS_EP1_OUT_IRQHandler                0x08002fbf   Thumb Code     0  startup_stm32f40_41xxx.o(.text)
    OTG_HS_IRQHandler                        0x08002fbf   Thumb Code     0  startup_stm32f40_41xxx.o(.text)
    OTG_HS_WKUP_IRQHandler                   0x08002fbf   Thumb Code     0  startup_stm32f40_41xxx.o(.text)
    PVD_IRQHandler                           0x08002fbf   Thumb Code     0  startup_stm32f40_41xxx.o(.text)
    RCC_IRQHandler                           0x08002fbf   Thumb Code     0  startup_stm32f40_41xxx.o(.text)
    RTC_Alarm_IRQHandler                     0x08002fbf   Thumb Code     0  startup_stm32f40_41xxx.o(.text)
    RTC_WKUP_IRQHandler                      0x08002fbf   Thumb Code     0  startup_stm32f40_41xxx.o(.text)
    SDIO_IRQHandler                          0x08002fbf   Thumb Code     0  startup_stm32f40_41xxx.o(.text)
    SPI1_IRQHandler                          0x08002fbf   Thumb Code     0  startup_stm32f40_41xxx.o(.text)
    SPI2_IRQHandler                          0x08002fbf   Thumb Code     0  startup_stm32f40_41xxx.o(.text)
    SPI3_IRQHandler                          0x08002fbf   Thumb Code     0  startup_stm32f40_41xxx.o(.text)
    TAMP_STAMP_IRQHandler                    0x08002fbf   Thumb Code     0  startup_stm32f40_41xxx.o(.text)
    TIM1_BRK_TIM9_IRQHandler                 0x08002fbf   Thumb Code     0  startup_stm32f40_41xxx.o(.text)
    TIM1_CC_IRQHandler                       0x08002fbf   Thumb Code     0  startup_stm32f40_41xxx.o(.text)
    TIM1_TRG_COM_TIM11_IRQHandler            0x08002fbf   Thumb Code     0  startup_stm32f40_41xxx.o(.text)
    TIM3_IRQHandler                          0x08002fbf   Thumb Code     0  startup_stm32f40_41xxx.o(.text)
    TIM4_IRQHandler                          0x08002fbf   Thumb Code     0  startup_stm32f40_41xxx.o(.text)
    TIM5_IRQHandler                          0x08002fbf   Thumb Code     0  startup_stm32f40_41xxx.o(.text)
    TIM6_DAC_IRQHandler                      0x08002fbf   Thumb Code     0  startup_stm32f40_41xxx.o(.text)
    TIM7_IRQHandler                          0x08002fbf   Thumb Code     0  startup_stm32f40_41xxx.o(.text)
    TIM8_BRK_TIM12_IRQHandler                0x08002fbf   Thumb Code     0  startup_stm32f40_41xxx.o(.text)
    TIM8_CC_IRQHandler                       0x08002fbf   Thumb Code     0  startup_stm32f40_41xxx.o(.text)
    TIM8_TRG_COM_TIM14_IRQHandler            0x08002fbf   Thumb Code     0  startup_stm32f40_41xxx.o(.text)
    TIM8_UP_TIM13_IRQHandler                 0x08002fbf   Thumb Code     0  startup_stm32f40_41xxx.o(.text)
    UART4_IRQHandler                         0x08002fbf   Thumb Code     0  startup_stm32f40_41xxx.o(.text)
    UART5_IRQHandler                         0x08002fbf   Thumb Code     0  startup_stm32f40_41xxx.o(.text)
    USART1_IRQHandler                        0x08002fbf   Thumb Code     0  startup_stm32f40_41xxx.o(.text)
    USART6_IRQHandler                        0x08002fbf   Thumb Code     0  startup_stm32f40_41xxx.o(.text)
    WWDG_IRQHandler                          0x08002fbf   Thumb Code     0  startup_stm32f40_41xxx.o(.text)
    DJI::onboardSDK::CoreAPI::init(DJI::onboardSDK::HardDriver*, DJI::onboardSDK::CallBackHandler, bool) 0x08002fc9   Thumb Code   236  dji_api.o(.text)
    DJI::onboardSDK::CoreAPI::CoreAPI(DJI::onboardSDK::HardDriver*, bool, void(*)(DJI::onboardSDK::CoreAPI*, DJI::onboardSDK::Header*, void*), void*) 0x080030b5   Thumb Code    42  dji_api.o(.text)
    DJI::onboardSDK::CoreAPI::CoreAPI__sub_object(DJI::onboardSDK::HardDriver*, bool, void(*)(DJI::onboardSDK::CoreAPI*, DJI::onboardSDK::Header*, void*), void*) 0x080030b5   Thumb Code     0  dji_api.o(.text)
    DJI::onboardSDK::CoreAPI::getFwVersion() const 0x080030df   Thumb Code     8  dji_api.o(.text)
    DJI::onboardSDK::CoreAPI::CoreAPI(DJI::onboardSDK::HardDriver*, DJI::onboardSDK::CallBackHandler, bool) 0x080030e7   Thumb Code    36  dji_api.o(.text)
    DJI::onboardSDK::CoreAPI::CoreAPI__sub_object(DJI::onboardSDK::HardDriver*, DJI::onboardSDK::CallBackHandler, bool) 0x080030e7   Thumb Code     0  dji_api.o(.text)
    DJI::onboardSDK::CoreAPI::ack(req_id_t, unsigned char*, int) 0x0800310b   Thumb Code    90  dji_api.o(.text)
    DJI::onboardSDK::CoreAPI::send(unsigned char, unsigned char, DJI::onboardSDK::CMD_SET, unsigned char, void*, int, void(*)(DJI::onboardSDK::CoreAPI*, DJI::onboardSDK::Header*, void*), int, int) 0x08003165   Thumb Code   128  dji_api.o(.text)
    DJI::onboardSDK::CoreAPI::send(unsigned char, bool, DJI::onboardSDK::CMD_SET, unsigned char, void*, unsigned, int, int, void(*)(DJI::onboardSDK::CoreAPI*, DJI::onboardSDK::Header*, void*), void*) 0x080031e5   Thumb Code   128  dji_api.o(.text)
    DJI::onboardSDK::CoreAPI::send(DJI::onboardSDK::Command*) 0x08003265   Thumb Code    16  dji_api.o(.text)
    DJI::onboardSDK::CoreAPI::activateCallback(DJI::onboardSDK::CoreAPI*, DJI::onboardSDK::Header*, void*) 0x08003275   Thumb Code   860  dji_api.o(.text)
    DJI::onboardSDK::CoreAPI::activate(DJI::onboardSDK::ActivateData*, void(*)(DJI::onboardSDK::CoreAPI*, DJI::onboardSDK::Header*, void*), void*) 0x080035d1   Thumb Code   692  dji_api.o(.text)
    DJI::onboardSDK::CoreAPI::parseDroneVersionInfo(unsigned char*) 0x08003885   Thumb Code  1408  dji_api.o(.text)
    DJI::onboardSDK::CoreAPI::getDroneVersion(int) 0x08003e05   Thumb Code   164  dji_api.o(.text)
    DJI::onboardSDK::CoreAPI::activate(DJI::onboardSDK::ActivateData*, int) 0x08003ea9   Thumb Code   188  dji_api.o(.text)
    DJI::onboardSDK::CoreAPI::setControlCallback(DJI::onboardSDK::CoreAPI*, DJI::onboardSDK::Header*, void*) 0x08003f65   Thumb Code  1062  dji_api.o(.text)
    DJI::onboardSDK::CoreAPI::setControl(bool, void(*)(DJI::onboardSDK::CoreAPI*, DJI::onboardSDK::Header*, void*), void*) 0x0800438b   Thumb Code    78  dji_api.o(.text)
    DJI::onboardSDK::CoreAPI::setControl(bool, int) 0x080043d9   Thumb Code   146  dji_api.o(.text)
    DJI::onboardSDK::CoreAPI::getAccountData() const 0x0800446b   Thumb Code    20  dji_api.o(.text)
    DJI::onboardSDK::CoreAPI::setAccountData(const DJI::onboardSDK::ActivateData&) 0x0800447f   Thumb Code    20  dji_api.o(.text)
    DJI::onboardSDK::CoreAPI::sendToMobileCallback(DJI::onboardSDK::CoreAPI*, DJI::onboardSDK::Header*, void*) 0x08004493   Thumb Code   480  dji_api.o(.text)
    DJI::onboardSDK::CoreAPI::sendToMobile(unsigned char*, unsigned char, void(*)(DJI::onboardSDK::CoreAPI*, DJI::onboardSDK::Header*, void*), void*) 0x08004673   Thumb Code   144  dji_api.o(.text)
    DJI::onboardSDK::CoreAPI::setFrequencyCallback(DJI::onboardSDK::CoreAPI*, DJI::onboardSDK::Header*, void*) 0x08004703   Thumb Code   286  dji_api.o(.text)
    DJI::onboardSDK::CoreAPI::setBroadcastFreq(unsigned char*, void(*)(DJI::onboardSDK::CoreAPI*, DJI::onboardSDK::Header*, void*), void*) 0x08004821   Thumb Code   136  dji_api.o(.text)
    DJI::onboardSDK::CoreAPI::setBroadcastFreq(unsigned char*, int) 0x080048a9   Thumb Code   170  dji_api.o(.text)
    DJI::onboardSDK::CoreAPI::setBroadcastFreqDefaults() 0x08004953   Thumb Code   382  dji_api.o(.text)
    DJI::onboardSDK::CoreAPI::setBroadcastFreqDefaults(int) 0x08004ad1   Thumb Code   190  dji_api.o(.text)
    DJI::onboardSDK::CoreAPI::setBroadcastFreqToZero() 0x08004b8f   Thumb Code    76  dji_api.o(.text)
    DJI::onboardSDK::CoreAPI::getDroneVersionCallback(DJI::onboardSDK::CoreAPI*, DJI::onboardSDK::Header*, void*) 0x08004bdb   Thumb Code    42  dji_api.o(.text)
    DJI::onboardSDK::CoreAPI::getDroneVersion(void(*)(DJI::onboardSDK::CoreAPI*, DJI::onboardSDK::Header*, void*), void*) 0x08004c05   Thumb Code    86  dji_api.o(.text)
    DJI::onboardSDK::CoreAPI::getHwVersion() const 0x08004c5b   Thumb Code     8  dji_api.o(.text)
    DJI::onboardSDK::CoreAPI::getHwSerialNum() const 0x08004c63   Thumb Code     8  dji_api.o(.text)
    DJI::onboardSDK::CoreAPI::getTime() const 0x08004c6b   Thumb Code    48  dji_api.o(.text)
    DJI::onboardSDK::CoreAPI::getFlightStatus() const 0x08004c9b   Thumb Code    32  dji_api.o(.text)
    DJI::onboardSDK::CoreAPI::getDriver() const 0x08004cbb   Thumb Code    10  dji_api.o(.text)
    DJI::onboardSDK::CoreAPI::getSimpleACK() const 0x08004cc5   Thumb Code     8  dji_api.o(.text)
    DJI::onboardSDK::CoreAPI::setFromMobileCallback(DJI::onboardSDK::CallBackHandler) 0x08004ccd   Thumb Code    16  dji_api.o(.text)
    DJI::onboardSDK::CoreAPI::parseFromMobileCallback(DJI::onboardSDK::CoreAPI*, DJI::onboardSDK::Header*, void*) 0x08004cdd   Thumb Code   614  dji_api.o(.text)
    DJI::onboardSDK::CoreAPI::getFilter() const 0x08004f43   Thumb Code    22  dji_api.o(.text)
    DJI::onboardSDK::CoreAPI::getHotPointData() const 0x08004f59   Thumb Code    10  dji_api.o(.text)
    DJI::onboardSDK::CoreAPI::getWayPointData() const 0x08004f63   Thumb Code    10  dji_api.o(.text)
    DJI::onboardSDK::CoreAPI::getFollowData() const 0x08004f6d   Thumb Code    10  dji_api.o(.text)
    DJI::onboardSDK::CoreAPI::setHotPointData(bool) 0x08004f77   Thumb Code     8  dji_api.o(.text)
    DJI::onboardSDK::CoreAPI::setWayPointData(bool) 0x08004f7f   Thumb Code     8  dji_api.o(.text)
    DJI::onboardSDK::CoreAPI::setFollowData(bool) 0x08004f87   Thumb Code     8  dji_api.o(.text)
    DJI::onboardSDK::CoreAPI::setDriver(DJI::onboardSDK::HardDriver*) 0x08004f8f   Thumb Code     8  dji_api.o(.text)
    getCmdSet(DJI::onboardSDK::Header*)      0x08004f99   Thumb Code    10  dji_app.o(.text)
    getCmdCode(DJI::onboardSDK::Header*)     0x08004fa3   Thumb Code    12  dji_app.o(.text)
    DJI::onboardSDK::CoreAPI::setBroadcastFrameStatus(bool) 0x08004faf   Thumb Code     6  dji_app.o(.text)
    DJI::onboardSDK::CoreAPI::getBroadcastFrameStatus() 0x08004fb5   Thumb Code     8  dji_app.o(.text)
    DJI::onboardSDK::CoreAPI::getBroadcastData() const 0x08004fbd   Thumb Code    62  dji_app.o(.text)
    DJI::onboardSDK::CoreAPI::getCtrlInfo() const 0x08004ffb   Thumb Code    40  dji_app.o(.text)
    DJI::onboardSDK::CoreAPI::getBatteryCapacity() const 0x08005023   Thumb Code    32  dji_app.o(.text)
    DJI::onboardSDK::CoreAPI::setBroadcastCallback(void(*)(DJI::onboardSDK::CoreAPI*, DJI::onboardSDK::Header*, void*), void*) 0x08005043   Thumb Code    12  dji_app.o(.text)
    DJI::onboardSDK::CoreAPI::setFromMobileCallback(void(*)(DJI::onboardSDK::CoreAPI*, DJI::onboardSDK::Header*, void*), void*) 0x0800504f   Thumb Code    12  dji_app.o(.text)
    DJI::onboardSDK::CoreAPI::broadcast(DJI::onboardSDK::Header*) 0x0800505b   Thumb Code   492  dji_app.o(.text)
    DJI::onboardSDK::CoreAPI::recvReqData(DJI::onboardSDK::Header*) 0x08005247   Thumb Code  1192  dji_app.o(.text)
    rj_xtime(unsigned char)                  0x080057b9   Thumb Code    22  dji_codec.o(.text)
    aes_subBytes(unsigned char*)             0x080057cf   Thumb Code    24  dji_codec.o(.text)
    aes_subBytes_inv(unsigned char*)         0x080057e7   Thumb Code    24  dji_codec.o(.text)
    aes_addRoundKey(unsigned char*, unsigned char*) 0x080057ff   Thumb Code    28  dji_codec.o(.text)
    aes_addRoundKey_cpy(unsigned char*, unsigned char*, unsigned char*) 0x0800581b   Thumb Code    38  dji_codec.o(.text)
    aes_shiftRows(unsigned char*)            0x08005841   Thumb Code    50  dji_codec.o(.text)
    aes_shiftRows_inv(unsigned char*)        0x08005873   Thumb Code    50  dji_codec.o(.text)
    aes_mixColumns(unsigned char*)           0x080058a5   Thumb Code   124  dji_codec.o(.text)
    aes_mixColumns_inv(unsigned char*)       0x08005921   Thumb Code   182  dji_codec.o(.text)
    aes_expandEncKey(unsigned char*, unsigned char*) 0x080059d7   Thumb Code   244  dji_codec.o(.text)
    aes_expandDecKey(unsigned char*, unsigned char*) 0x08005acb   Thumb Code   254  dji_codec.o(.text)
    aes256_init(tagAES256Context*, unsigned char*) 0x08005bc9   Thumb Code    58  dji_codec.o(.text)
    aes256_done(tagAES256Context*)           0x08005c03   Thumb Code    30  dji_codec.o(.text)
    aes256_encrypt_ecb(tagAES256Context*, unsigned char*) 0x08005c21   Thumb Code   116  dji_codec.o(.text)
    aes256_decrypt_ecb(tagAES256Context*, unsigned char*) 0x08005c95   Thumb Code   108  dji_codec.o(.text)
    crc16_update(unsigned short, unsigned char) 0x08005d01   Thumb Code    22  dji_codec.o(.text)
    crc32_update(unsigned, unsigned char)    0x08005d17   Thumb Code    22  dji_codec.o(.text)
    sdk_stream_crc16_calc(const unsigned char*, unsigned) 0x08005d2d   Thumb Code    34  dji_codec.o(.text)
    sdk_stream_crc32_calc(const unsigned char*, unsigned) 0x08005d4f   Thumb Code    34  dji_codec.o(.text)
    sdk_stream_prepare_lambda(DJI::onboardSDK::SDKFilter*) 0x08005d71   Thumb Code    34  dji_codec.o(.text)
    encodeData(DJI::onboardSDK::SDKFilter*, DJI::onboardSDK::Header*, void(*)(tagAES256Context*, unsigned char*)) 0x08005d93   Thumb Code   136  dji_codec.o(.text)
    sdk_stream_shift_data_lambda(DJI::onboardSDK::SDKFilter*) 0x08005e1b   Thumb Code    30  dji_codec.o(.text)
    sdk_stream_update_reuse_part_lambda(DJI::onboardSDK::SDKFilter*) 0x08005e39   Thumb Code    60  dji_codec.o(.text)
    calculateCRC(void*)                      0x08005e75   Thumb Code   110  dji_codec.o(.text)
    transformTwoByte(const char*, unsigned char*) 0x08005ee3   Thumb Code    60  dji_codec.o(.text)
    DJI::onboardSDK::CoreAPI::callApp(DJI::onboardSDK::SDKFilter*) 0x08005f1f   Thumb Code    36  dji_codec.o(.text)
    DJI::onboardSDK::CoreAPI::verifyData(DJI::onboardSDK::SDKFilter*) 0x08005f43   Thumb Code    40  dji_codec.o(.text)
    DJI::onboardSDK::CoreAPI::verifyHead(DJI::onboardSDK::SDKFilter*) 0x08005f6b   Thumb Code    84  dji_codec.o(.text)
    DJI::onboardSDK::CoreAPI::checkStream(DJI::onboardSDK::SDKFilter*) 0x08005fbf   Thumb Code    56  dji_codec.o(.text)
    DJI::onboardSDK::CoreAPI::storeData(DJI::onboardSDK::SDKFilter*, unsigned char) 0x08005ff7   Thumb Code   108  dji_codec.o(.text)
    DJI::onboardSDK::CoreAPI::streamHandler(DJI::onboardSDK::SDKFilter*, unsigned char) 0x08006063   Thumb Code    28  dji_codec.o(.text)
    DJI::onboardSDK::CoreAPI::byteHandler(unsigned char) 0x0800607f   Thumb Code    88  dji_codec.o(.text)
    DJI::onboardSDK::CoreAPI::byteStreamHandler(unsigned char*, unsigned) 0x080060d7   Thumb Code     2  dji_codec.o(.text)
    DJI::onboardSDK::CoreAPI::decodeACKStatus(unsigned short) 0x080060d9   Thumb Code   570  dji_codec.o(.text)
    DJI::onboardSDK::CoreAPI::setBroadcastActivation(unsigned) 0x08006313   Thumb Code     6  dji_codec.o(.text)
    DJI::onboardSDK::CoreAPI::encrypt(unsigned char*, const unsigned char*, unsigned short, unsigned char, unsigned char, unsigned char, unsigned short) 0x08006319   Thumb Code   344  dji_codec.o(.text)
    DJI::onboardSDK::Flight::Flight(DJI::onboardSDK::CoreAPI*) 0x08006595   Thumb Code     4  dji_flight.o(.text)
    DJI::onboardSDK::Flight::Flight__sub_object(DJI::onboardSDK::CoreAPI*) 0x08006595   Thumb Code     0  dji_flight.o(.text)
    DJI::onboardSDK::Flight::taskCallback(DJI::onboardSDK::CoreAPI*, DJI::onboardSDK::Header*, void*) 0x08006599   Thumb Code   202  dji_flight.o(.text)
    DJI::onboardSDK::Flight::task(DJI::onboardSDK::Flight::TASK, void(*)(DJI::onboardSDK::CoreAPI*, DJI::onboardSDK::Header*, void*), void*) 0x08006663   Thumb Code    82  dji_flight.o(.text)
    DJI::onboardSDK::Flight::task(DJI::onboardSDK::Flight::TASK, int) 0x080066b5   Thumb Code   158  dji_flight.o(.text)
    DJI::onboardSDK::Flight::armCallback(DJI::onboardSDK::CoreAPI*, DJI::onboardSDK::Header*, void*) 0x08006753   Thumb Code   448  dji_flight.o(.text)
    DJI::onboardSDK::Flight::setArm(bool, void(*)(DJI::onboardSDK::CoreAPI*, DJI::onboardSDK::Header*, void*), void*) 0x08006913   Thumb Code    76  dji_flight.o(.text)
    DJI::onboardSDK::Flight::setArm(bool, int) 0x0800695f   Thumb Code   510  dji_flight.o(.text)
    DJI::onboardSDK::Flight::setFlight(DJI::onboardSDK::FlightData*) 0x08006b5d   Thumb Code    58  dji_flight.o(.text)
    DJI::onboardSDK::Flight::control(unsigned char, float, float, float, float) 0x08006b97   Thumb Code    80  dji_flight.o(.text)
    DJI::onboardSDK::Flight::setMovementControl(unsigned char, float, float, float, float) 0x08006be7   Thumb Code   120  dji_flight.o(.text)
    DJI::onboardSDK::Flight::getQuaternion() const 0x08006c5f   Thumb Code    56  dji_flight.o(.text)
    DJI::onboardSDK::Flight::toEulerAngle(DJI::onboardSDK::QuaternionData) 0x08006c97   Thumb Code   488  dji_flight.o(.text)
    DJI::onboardSDK::Flight::getEulerAngle() const 0x08006e7f   Thumb Code    84  dji_flight.o(.text)
    DJI::onboardSDK::Flight::getPosition() const 0x08006ed3   Thumb Code    40  dji_flight.o(.text)
    DJI::onboardSDK::Flight::getVelocity() const 0x08006efb   Thumb Code    42  dji_flight.o(.text)
    DJI::onboardSDK::Flight::getAcceleration() const 0x08006f25   Thumb Code    96  dji_flight.o(.text)
    DJI::onboardSDK::Flight::getYawRate() const 0x08006f85   Thumb Code    40  dji_flight.o(.text)
    DJI::onboardSDK::Flight::getMagnet() const 0x08006fad   Thumb Code    42  dji_flight.o(.text)
    DJI::onboardSDK::Flight::getControlDevice() const 0x08006fd7   Thumb Code    42  dji_flight.o(.text)
    DJI::onboardSDK::Flight::getStatus() const 0x08007001   Thumb Code    32  dji_flight.o(.text)
    DJI::onboardSDK::Flight::getControlMode() const 0x08007021   Thumb Code    54  dji_flight.o(.text)
    DJI::onboardSDK::Flight::getYaw() const  0x08007057   Thumb Code    76  dji_flight.o(.text)
    DJI::onboardSDK::Flight::getRoll() const 0x080070a3   Thumb Code    76  dji_flight.o(.text)
    DJI::onboardSDK::Flight::getPitch() const 0x080070ef   Thumb Code    76  dji_flight.o(.text)
    DJI::onboardSDK::Flight::toEulerianAngle(DJI::onboardSDK::QuaternionData) 0x0800713b   Thumb Code   488  dji_flight.o(.text)
    DJI::onboardSDK::Flight::toQuaternion(DJI::EulerianAngle) 0x08007323   Thumb Code   716  dji_flight.o(.text)
    DJI::onboardSDK::Flight::getApi() const  0x080075ef   Thumb Code     6  dji_flight.o(.text)
    DJI::onboardSDK::Flight::setApi(DJI::onboardSDK::CoreAPI*) 0x080075f5   Thumb Code     4  dji_flight.o(.text)
    DJI::onboardSDK::HardDriver::displayLog(const char*) 0x080075f9   Thumb Code    28  dji_harddriver.o(.text)
    DJI::onboardSDK::HotPoint::initData()    0x0800761d   Thumb Code   190  dji_hotpoint.o(.text)
    DJI::onboardSDK::HotPoint::HotPoint(DJI::onboardSDK::CoreAPI*) 0x080076db   Thumb Code    18  dji_hotpoint.o(.text)
    DJI::onboardSDK::HotPoint::HotPoint__sub_object(DJI::onboardSDK::CoreAPI*) 0x080076db   Thumb Code     0  dji_hotpoint.o(.text)
    DJI::onboardSDK::HotPoint::startCallback(DJI::onboardSDK::CoreAPI*, DJI::onboardSDK::Header*, void*) 0x080076ed   Thumb Code   318  dji_hotpoint.o(.text)
    DJI::onboardSDK::HotPoint::start(void(*)(DJI::onboardSDK::CoreAPI*, DJI::onboardSDK::Header*, void*), void*) 0x0800782b   Thumb Code    74  dji_hotpoint.o(.text)
    DJI::onboardSDK::HotPoint::start(int)    0x08007875   Thumb Code   158  dji_hotpoint.o(.text)
    DJI::onboardSDK::HotPoint::stop(void(*)(DJI::onboardSDK::CoreAPI*, DJI::onboardSDK::Header*, void*), void*) 0x08007913   Thumb Code    76  dji_hotpoint.o(.text)
    DJI::onboardSDK::HotPoint::stop(int)     0x0800795f   Thumb Code   152  dji_hotpoint.o(.text)
    DJI::onboardSDK::HotPoint::pause(bool, void(*)(DJI::onboardSDK::CoreAPI*, DJI::onboardSDK::Header*, void*), void*) 0x080079f7   Thumb Code    80  dji_hotpoint.o(.text)
    DJI::onboardSDK::HotPoint::pause(bool, int) 0x08007a47   Thumb Code   388  dji_hotpoint.o(.text)
    DJI::onboardSDK::HotPoint::updateYawRate(DJI::onboardSDK::HotPoint::YawRate&, void(*)(DJI::onboardSDK::CoreAPI*, DJI::onboardSDK::Header*, void*), void*) 0x08007bcb   Thumb Code    94  dji_hotpoint.o(.text)
    DJI::onboardSDK::HotPoint::updateYawRate(DJI::onboardSDK::HotPoint::YawRate&, int) 0x08007c29   Thumb Code   172  dji_hotpoint.o(.text)
    DJI::onboardSDK::HotPoint::updateYawRate(float, bool, void(*)(DJI::onboardSDK::CoreAPI*, DJI::onboardSDK::Header*, void*), void*) 0x08007cd5   Thumb Code    52  dji_hotpoint.o(.text)
    DJI::onboardSDK::HotPoint::updateRadius(float, void(*)(DJI::onboardSDK::CoreAPI*, DJI::onboardSDK::Header*, void*), void*) 0x08007d09   Thumb Code    76  dji_hotpoint.o(.text)
    DJI::onboardSDK::HotPoint::updateRadius(float, int) 0x08007d55   Thumb Code   154  dji_hotpoint.o(.text)
    DJI::onboardSDK::HotPoint::resetYaw(void(*)(DJI::onboardSDK::CoreAPI*, DJI::onboardSDK::Header*, void*), void*) 0x08007def   Thumb Code    76  dji_hotpoint.o(.text)
    DJI::onboardSDK::HotPoint::resetYaw(int) 0x08007e3b   Thumb Code   152  dji_hotpoint.o(.text)
    DJI::onboardSDK::HotPoint::readData(void(*)(DJI::onboardSDK::CoreAPI*, DJI::onboardSDK::Header*, void*), void*) 0x08007ed3   Thumb Code    76  dji_hotpoint.o(.text)
    DJI::onboardSDK::HotPoint::readData(int) 0x08007f1f   Thumb Code   152  dji_hotpoint.o(.text)
    DJI::onboardSDK::HotPoint::setData(const DJI::onboardSDK::HotPointData&) 0x08007fb7   Thumb Code    30  dji_hotpoint.o(.text)
    DJI::onboardSDK::HotPoint::setHotPoint(double, double, double) 0x08007fd5   Thumb Code    50  dji_hotpoint.o(.text)
    DJI::onboardSDK::HotPoint::setHotPoint(DJI::onboardSDK::GPSPositionData) 0x08008007   Thumb Code    46  dji_hotpoint.o(.text)
    DJI::onboardSDK::HotPoint::setRadius(double) 0x08008035   Thumb Code    18  dji_hotpoint.o(.text)
    DJI::onboardSDK::HotPoint::setYawRate(float) 0x08008047   Thumb Code    10  dji_hotpoint.o(.text)
    DJI::onboardSDK::HotPoint::setClockwise(bool) 0x08008051   Thumb Code     6  dji_hotpoint.o(.text)
    DJI::onboardSDK::HotPoint::setCameraView(DJI::onboardSDK::HotPoint::View) 0x08008057   Thumb Code     6  dji_hotpoint.o(.text)
    DJI::onboardSDK::HotPoint::setYawMode(DJI::onboardSDK::HotPoint::YawMode) 0x0800805d   Thumb Code     6  dji_hotpoint.o(.text)
    DJI::onboardSDK::HotPoint::getData() const 0x08008063   Thumb Code    18  dji_hotpoint.o(.text)
    DJI::onboardSDK::HotPoint::readCallback(DJI::onboardSDK::CoreAPI*, DJI::onboardSDK::Header*, void*) 0x08008075   Thumb Code   250  dji_hotpoint.o(.text)
    calculateLength(unsigned short, unsigned short) 0x08008179   Thumb Code    46  dji_link.o(.text)
    DJI::onboardSDK::CoreAPI::sendData(unsigned char*) 0x080081a7   Thumb Code   178  dji_link.o(.text)
    DJI::onboardSDK::CoreAPI::sendPoll()     0x08008259   Thumb Code   302  dji_link.o(.text)
    DJI::onboardSDK::CoreAPI::readPoll()     0x08008387   Thumb Code    56  dji_link.o(.text)
    DJI::onboardSDK::CoreAPI::callbackPoll(DJI::onboardSDK::CoreAPI*) 0x080083bf   Thumb Code    66  dji_link.o(.text)
    DJI::onboardSDK::CoreAPI::allocateACK(DJI::onboardSDK::Header*) 0x08008401   Thumb Code    40  dji_link.o(.text)
    DJI::onboardSDK::CoreAPI::notifyCaller(DJI::onboardSDK::Header*) 0x08008429   Thumb Code    58  dji_link.o(.text)
    DJI::onboardSDK::CoreAPI::notifyNonBlockingCaller(DJI::onboardSDK::Header*) 0x08008463   Thumb Code    90  dji_link.o(.text)
    DJI::onboardSDK::CoreAPI::setActivation(bool) 0x080084bd   Thumb Code    52  dji_link.o(.text)
    DJI::onboardSDK::CoreAPI::setACKFrameStatus(unsigned) 0x080084f1   Thumb Code     6  dji_link.o(.text)
    DJI::onboardSDK::CoreAPI::getACKFrameStatus() 0x080084f7   Thumb Code     8  dji_link.o(.text)
    DJI::onboardSDK::CoreAPI::setSyncFreq(unsigned) 0x080084ff   Thumb Code    46  dji_link.o(.text)
    DJI::onboardSDK::CoreAPI::setKey(const char*) 0x0800852d   Thumb Code    24  dji_link.o(.text)
    DJI::onboardSDK::CoreAPI::appHandler(DJI::onboardSDK::Header*) 0x08008545   Thumb Code   830  dji_link.o(.text)
    DJI::onboardSDK::CoreAPI::sendInterface(DJI::onboardSDK::Command*) 0x08008883   Thumb Code  2406  dji_link.o(.text)
    DJI::onboardSDK::CoreAPI::ackInterface(DJI::onboardSDK::Ack*) 0x080091e9   Thumb Code   484  dji_link.o(.text)
    DJI::onboardSDK::CoreAPI::setup()        0x080093cd   Thumb Code    18  dji_link.o(.text)
    freeMemory(DJI::onboardSDK::MMU_Tab*)    0x080093e1   Thumb Code    28  dji_memory.o(.text)
    DJI::onboardSDK::CoreAPI::setupMMU()     0x080093fd   Thumb Code   154  dji_memory.o(.text)
    DJI::onboardSDK::CoreAPI::setupSession() 0x08009497   Thumb Code   148  dji_memory.o(.text)
    DJI::onboardSDK::CoreAPI::allocMemory(unsigned short) 0x0800952b   Thumb Code   872  dji_memory.o(.text)
    DJI::onboardSDK::CoreAPI::freeSession(DJI::onboardSDK::CMDSession*) 0x08009893   Thumb Code    30  dji_memory.o(.text)
    DJI::onboardSDK::CoreAPI::allocSession(unsigned short, unsigned short) 0x080098b1   Thumb Code   346  dji_memory.o(.text)
    DJI::onboardSDK::CoreAPI::freeACK(DJI::onboardSDK::ACKSession*) 0x08009a0b   Thumb Code    14  dji_memory.o(.text)
    DJI::onboardSDK::CoreAPI::allocACK(unsigned short, unsigned short) 0x08009a19   Thumb Code   244  dji_memory.o(.text)
    DJI::onboardSDK::CoreAPI::setWayPointEventCallback(DJI::onboardSDK::CallBackHandler) 0x08009b6d   Thumb Code    16  dji_mission.o(.text)
    DJI::onboardSDK::CoreAPI::setMisssionCallback(void(*)(DJI::onboardSDK::CoreAPI*, DJI::onboardSDK::Header*, void*), void*) 0x08009b7d   Thumb Code    12  dji_mission.o(.text)
    DJI::onboardSDK::CoreAPI::setHotPointCallback(void(*)(DJI::onboardSDK::CoreAPI*, DJI::onboardSDK::Header*, void*), void*) 0x08009b89   Thumb Code    12  dji_mission.o(.text)
    DJI::onboardSDK::CoreAPI::setWayPointCallback(void(*)(DJI::onboardSDK::CoreAPI*, DJI::onboardSDK::Header*, void*), void*) 0x08009b95   Thumb Code    12  dji_mission.o(.text)
    DJI::onboardSDK::CoreAPI::setFollowCallback(void(*)(DJI::onboardSDK::CoreAPI*, DJI::onboardSDK::Header*, void*), void*) 0x08009ba1   Thumb Code    12  dji_mission.o(.text)
    DJI::onboardSDK::CoreAPI::setWayPointEventCallback(void(*)(DJI::onboardSDK::CoreAPI*, DJI::onboardSDK::Header*, void*), void*) 0x08009bad   Thumb Code    12  dji_mission.o(.text)
    DJI::onboardSDK::CoreAPI::decodeMissionStatus(unsigned char) 0x08009bb9   Thumb Code   118  dji_mission.o(.text)
    DJI::onboardSDK::missionCallback(DJI::onboardSDK::CoreAPI*, DJI::onboardSDK::Header*, void*) 0x08009c2f   Thumb Code   216  dji_mission.o(.text)
    DJI::onboardSDK::VirtualRC::resetData()  0x08009dc5   Thumb Code    40  dji_virtualrc.o(.text)
    DJI::onboardSDK::VirtualRC::VirtualRC(DJI::onboardSDK::CoreAPI*) 0x08009ded   Thumb Code    18  dji_virtualrc.o(.text)
    DJI::onboardSDK::VirtualRC::VirtualRC__sub_object(DJI::onboardSDK::CoreAPI*) 0x08009ded   Thumb Code     0  dji_virtualrc.o(.text)
    DJI::onboardSDK::VirtualRC::setControl(bool, DJI::onboardSDK::VirtualRC::CutOff) 0x08009dff   Thumb Code    82  dji_virtualrc.o(.text)
    DJI::onboardSDK::VirtualRC::sendData(DJI::onboardSDK::VirtualRCData) 0x08009e51   Thumb Code    72  dji_virtualrc.o(.text)
    DJI::onboardSDK::VirtualRC::sendData()   0x08009e99   Thumb Code    56  dji_virtualrc.o(.text)
    DJI::onboardSDK::VirtualRC::sendSafeModeData() 0x08009ed1   Thumb Code    18  dji_virtualrc.o(.text)
    DJI::onboardSDK::VirtualRC::neutralVRCSticks() 0x08009ee3   Thumb Code    18  dji_virtualrc.o(.text)
    DJI::onboardSDK::VirtualRC::getVRCData() const 0x08009ef5   Thumb Code    18  dji_virtualrc.o(.text)
    DJI::onboardSDK::VirtualRC::getRCData() const 0x08009f07   Thumb Code    48  dji_virtualrc.o(.text)
    DJI::onboardSDK::VirtualRC::setVRCData(const DJI::onboardSDK::VirtualRCData&) 0x08009f37   Thumb Code    18  dji_virtualrc.o(.text)
    DJI::onboardSDK::VirtualRC::isVirtualRC() const 0x08009f49   Thumb Code    42  dji_virtualrc.o(.text)
    DJI::onboardSDK::VirtualRC::toRadioData(DJI::onboardSDK::VirtualRCData&) 0x08009f73   Thumb Code   166  dji_virtualrc.o(.text)
    DJI::onboardSDK::VirtualRC::toRCData(DJI::onboardSDK::VirtualRCData&) 0x0800a019   Thumb Code   166  dji_virtualrc.o(.text)
    DJI::onboardSDK::VirtualRC::toVirtualRCData(DJI::onboardSDK::RadioData&) 0x0800a0bf   Thumb Code   192  dji_virtualrc.o(.text)
    DJI::onboardSDK::VirtualRC::getApi() const 0x0800a17f   Thumb Code     6  dji_virtualrc.o(.text)
    DJI::onboardSDK::VirtualRC::setApi(DJI::onboardSDK::CoreAPI*) 0x0800a185   Thumb Code     4  dji_virtualrc.o(.text)
    arm_cos_f32                              0x0800a195   Thumb Code   108  arm_cos_f32.o(.text)
    arm_sin_f32                              0x0800a20d   Thumb Code   130  arm_sin_f32.o(.text)
    ___aeabi_memcpy8$move                    0x0800a2a1   Thumb Code     0  memmovea.o(.text)
    __aeabi_memcpy                           0x0800a2a1   Thumb Code    64  memmovea.o(.text)
    __aeabi_memcpy4                          0x0800a2a1   Thumb Code     0  memmovea.o(.text)
    __aeabi_memmove                          0x0800a2a1   Thumb Code     0  memmovea.o(.text)
    __aeabi_memmove4                         0x0800a2a1   Thumb Code     0  memmovea.o(.text)
    __aeabi_memmove8                         0x0800a2a1   Thumb Code     0  memmovea.o(.text)
    __aeabi_memset                           0x0800a2e1   Thumb Code    14  memseta.o(.text)
    __aeabi_memset4                          0x0800a2e1   Thumb Code     0  memseta.o(.text)
    __aeabi_memset8                          0x0800a2e1   Thumb Code     0  memseta.o(.text)
    __aeabi_memclr                           0x0800a2ef   Thumb Code     4  memseta.o(.text)
    __aeabi_memclr4                          0x0800a2ef   Thumb Code     0  memseta.o(.text)
    __aeabi_memclr8                          0x0800a2ef   Thumb Code     0  memseta.o(.text)
    _memset$wrapper                          0x0800a2f3   Thumb Code    18  memseta.o(.text)
    strcmp                                   0x0800a305   Thumb Code    28  strcmp.o(.text)
    __0sscanf                                0x0800a321   Thumb Code    48  __0sscanf.o(.text)
    _scanf_int                               0x0800a359   Thumb Code   332  _scanf_int.o(.text)
    __cpp_initialize__aeabi_                 0x0800a4a5   Thumb Code    22  cpp_init.o(.text)
    __aeabi_dadd                             0x0800a4c5   Thumb Code   322  dadd.o(.text)
    __aeabi_dsub                             0x0800a607   Thumb Code     6  dadd.o(.text)
    __aeabi_drsub                            0x0800a60d   Thumb Code     6  dadd.o(.text)
    __aeabi_dmul                             0x0800a613   Thumb Code   228  dmul.o(.text)
    __aeabi_ui2d                             0x0800a6f7   Thumb Code    26  dfltui.o(.text)
    __aeabi_f2d                              0x0800a711   Thumb Code    38  f2d.o(.text)
    __aeabi_cdcmpeq                          0x0800a739   Thumb Code     0  cdcmple.o(.text)
    __aeabi_cdcmple                          0x0800a739   Thumb Code    48  cdcmple.o(.text)
    __aeabi_cdrcmple                         0x0800a769   Thumb Code    48  cdrcmple.o(.text)
    __aeabi_d2f                              0x0800a799   Thumb Code    56  d2f.o(.text)
    __default_new_handler()                  0x0800a7d1   Thumb Code     4  arm_newhandler_noexceptions.o(.text)
    __aeabi_uidiv                            0x0800a7d5   Thumb Code     0  uidiv.o(.text)
    __aeabi_uidivmod                         0x0800a7d5   Thumb Code    44  uidiv.o(.text)
    __aeabi_uldivmod                         0x0800a801   Thumb Code    98  uldiv.o(.text)
    __aeabi_llsl                             0x0800a863   Thumb Code    30  llshl.o(.text)
    _ll_shift_l                              0x0800a863   Thumb Code     0  llshl.o(.text)
    __aeabi_lasr                             0x0800a881   Thumb Code    36  llsshr.o(.text)
    _ll_sshift_r                             0x0800a881   Thumb Code     0  llsshr.o(.text)
    _chval                                   0x0800a8a5   Thumb Code    28  _chval.o(.text)
    __vfscanf_char                           0x0800a8cd   Thumb Code    20  scanf_char.o(.text)
    _sgetc                                   0x0800a8e9   Thumb Code    30  _sgetc.o(.text)
    _sbackspace                              0x0800a907   Thumb Code    34  _sgetc.o(.text)
    __I$use$fp                               0x0800a929   Thumb Code     0  iusefp.o(.text)
    __rt_new_handler_addr                    0x0800a929   Thumb Code     4  cpp_memory.o(.text)
    __rt_eh_globals_addr                     0x0800a92d   Thumb Code    12  cpp_memory.o(.text)
    __rt_SIGPVFN                             0x0800a93d   Thumb Code     2  cpp_signal.o(.text)
    _float_round                             0x0800a93f   Thumb Code    18  fepilogue.o(.text)
    _float_epilogue                          0x0800a951   Thumb Code    92  fepilogue.o(.text)
    _double_round                            0x0800a9ad   Thumb Code    30  depilogue.o(.text)
    _double_epilogue                         0x0800a9cb   Thumb Code   156  depilogue.o(.text)
    __aeabi_ddiv                             0x0800aa67   Thumb Code   222  ddiv.o(.text)
    __aeabi_d2ulz                            0x0800ab45   Thumb Code    48  dfixul.o(.text)
    std::terminate()                         0x0800ab75   Thumb Code    26  arm_exceptions_terminate.o(.text)
    __cxa_get_globals                        0x0800ab97   Thumb Code    62  arm_exceptions_globs.o(.text)
    __scatterload                            0x0800abe1   Thumb Code    28  init.o(.text)
    __scatterload_rt2                        0x0800abe1   Thumb Code     0  init.o(.text)
    __aeabi_llsr                             0x0800ac05   Thumb Code    32  llushr.o(.text)
    _ll_ushift_r                             0x0800ac05   Thumb Code     0  llushr.o(.text)
    isspace                                  0x0800ac25   Thumb Code    10  isspace_c.o(.text)
    __vfscanf                                0x0800ac31   Thumb Code   808  _scanf.o(.text)
    _dsqrt                                   0x0800af5d   Thumb Code   162  dsqrt.o(.text)
    __aeabi_i2d                              0x0800afff   Thumb Code    34  dflti.o(.text)
    __aeabi_d2iz                             0x0800b021   Thumb Code    62  dfixi.o(.text)
    __ARM_exceptions_buffer_init             0x0800b05f   Thumb Code    18  arm_exceptions_mem.o(.text)
    __ARM_exceptions_buffer_allocate         0x0800b071   Thumb Code    22  arm_exceptions_mem.o(.text)
    __ARM_exceptions_buffer_free             0x0800b087   Thumb Code    20  arm_exceptions_mem.o(.text)
    __ctype_lookup                           0x0800b09d   Thumb Code    34  ctype_c.o(.text)
    __decompress                             0x0800b0c5   Thumb Code     0  __dczerorl2.o(.text)
    __decompress1                            0x0800b0c5   Thumb Code    86  __dczerorl2.o(.text)
    passData(unsigned short, unsigned short&, void*, unsigned char*, unsigned, unsigned&) 0x0800b11b   Thumb Code    58  dji_app.o(i._Z8passDatatRtPvPhjRj)
    DJI::onboardSDK::HardDriver::nonBlockWait() 0x0800b155   Thumb Code     2  driver.o(i._ZN3DJI10onboardSDK10HardDriver12nonBlockWaitEv)
    DJI::onboardSDK::HardDriver::freeNonBlockCBAck() 0x0800b157   Thumb Code     2  driver.o(i._ZN3DJI10onboardSDK10HardDriver17freeNonBlockCBAckEv)
    DJI::onboardSDK::HardDriver::lockNonBlockCBAck() 0x0800b159   Thumb Code     2  driver.o(i._ZN3DJI10onboardSDK10HardDriver17lockNonBlockCBAckEv)
    DJI::onboardSDK::HardDriver::freeProtocolHeader() 0x0800b15b   Thumb Code     2  driver.o(i._ZN3DJI10onboardSDK10HardDriver18freeProtocolHeaderEv)
    DJI::onboardSDK::HardDriver::lockProtocolHeader() 0x0800b15d   Thumb Code     2  driver.o(i._ZN3DJI10onboardSDK10HardDriver18lockProtocolHeaderEv)
    DJI::onboardSDK::HardDriver::notifyNonBlockCBAckRecv() 0x0800b15f   Thumb Code     2  driver.o(i._ZN3DJI10onboardSDK10HardDriver23notifyNonBlockCBAckRecvEv)
    STM32F4::freeMemory()                    0x0800b161   Thumb Code     2  driver.o(i._ZN7STM32F410freeMemoryEv)
    STM32F4::lockMemory()                    0x0800b163   Thumb Code     2  driver.o(i._ZN7STM32F410lockMemoryEv)
    STM32F4::wait(int)                       0x0800b165   Thumb Code     2  driver.o(i._ZN7STM32F44waitEi)
    STM32F4::notify()                        0x0800b167   Thumb Code     2  driver.o(i._ZN7STM32F46notifyEv)
    STM32F4::freeACK()                       0x0800b169   Thumb Code     2  driver.o(i._ZN7STM32F47freeACKEv)
    STM32F4::freeMSG()                       0x0800b16b   Thumb Code     2  driver.o(i._ZN7STM32F47freeMSGEv)
    STM32F4::lockACK()                       0x0800b16d   Thumb Code     2  driver.o(i._ZN7STM32F47lockACKEv)
    STM32F4::lockMSG()                       0x0800b16f   Thumb Code     2  driver.o(i._ZN7STM32F47lockMSGEv)
    STM32F4::readall(unsigned char*, unsigned) 0x0800b171   Thumb Code     6  driver.o(i._ZN7STM32F47readallEPhj)
    operator new(unsigned)                   0x0800b179   Thumb Code    34  new.o(i._Znwj)
    __0printf                                0x0800b1a1   Thumb Code    22  printfa.o(i.__0printf)
    __1printf                                0x0800b1a1   Thumb Code     0  printfa.o(i.__0printf)
    __2printf                                0x0800b1a1   Thumb Code     0  printfa.o(i.__0printf)
    __c89printf                              0x0800b1a1   Thumb Code     0  printfa.o(i.__0printf)
    printf                                   0x0800b1a1   Thumb Code     0  printfa.o(i.__0printf)
    __0sprintf                               0x0800b1c1   Thumb Code    34  printfa.o(i.__0sprintf)
    __1sprintf                               0x0800b1c1   Thumb Code     0  printfa.o(i.__0sprintf)
    __2sprintf                               0x0800b1c1   Thumb Code     0  printfa.o(i.__0sprintf)
    __c89sprintf                             0x0800b1c1   Thumb Code     0  printfa.o(i.__0sprintf)
    sprintf                                  0x0800b1c1   Thumb Code     0  printfa.o(i.__0sprintf)
    __ARM_fpclassify                         0x0800b1e9   Thumb Code    48  fpclassify.o(i.__ARM_fpclassify)
    __cxa_pure_virtual                       0x0800b219   Thumb Code     6  pure_virt.o(i.__cxa_pure_virtual)
    __hardfp_asin                            0x0800b221   Thumb Code   770  asin.o(i.__hardfp_asin)
    __hardfp_atan                            0x0800b581   Thumb Code   622  atan.o(i.__hardfp_atan)
    __hardfp_atan2                           0x0800b859   Thumb Code   432  atan2.o(i.__hardfp_atan2)
    __hardfp_cos                             0x0800ba49   Thumb Code   180  cos.o(i.__hardfp_cos)
    __hardfp_sin                             0x0800bb11   Thumb Code   180  sin.o(i.__hardfp_sin)
    __ieee754_rem_pio2                       0x0800bbd9   Thumb Code   938  rred.o(i.__ieee754_rem_pio2)
    __kernel_cos                             0x0800c011   Thumb Code   322  cos_i.o(i.__kernel_cos)
    __kernel_poly                            0x0800c181   Thumb Code   248  poly.o(i.__kernel_poly)
    __kernel_sin                             0x0800c279   Thumb Code   280  sin_i.o(i.__kernel_sin)
    __mathlib_dbl_infnan                     0x0800c3a9   Thumb Code    20  dunder.o(i.__mathlib_dbl_infnan)
    __mathlib_dbl_infnan2                    0x0800c3bd   Thumb Code    20  dunder.o(i.__mathlib_dbl_infnan2)
    __mathlib_dbl_invalid                    0x0800c3d1   Thumb Code    24  dunder.o(i.__mathlib_dbl_invalid)
    __mathlib_dbl_underflow                  0x0800c3f1   Thumb Code    24  dunder.o(i.__mathlib_dbl_underflow)
    __scatterload_copy                       0x0800c411   Thumb Code    14  handlers.o(i.__scatterload_copy)
    __scatterload_null                       0x0800c41f   Thumb Code     2  handlers.o(i.__scatterload_null)
    __scatterload_zeroinit                   0x0800c421   Thumb Code    14  handlers.o(i.__scatterload_zeroinit)
    __set_errno                              0x0800c431   Thumb Code     6  errno.o(i.__set_errno)
    atan                                     0x0800ccf9   Thumb Code    16  atan.o(i.atan)
    fabs                                     0x0800cd09   Thumb Code    24  fabs.o(i.fabs)
    malloc                                   0x0800cd21   Thumb Code    92  malloc.o(i.malloc)
    sqrt                                     0x0800cd8d   Thumb Code   110  sqrt_full.o(i.sqrt)
    sinTable_f32                             0x0800d174   Data        2052  arm_common_tables.o(.constdata)
    __mathlib_zero                           0x0800da90   Data           8  qnan.o(.constdata)
    __ctype_categories                       0x0800db88   Data          64  ctype_c.o(.constdata)
    vtable for STM32F4                       0x0800dbc8   Data          96  driver.o(.constdata__ZTV7STM32F4)
    vtable for DJI::onboardSDK::HardDriver   0x0800dc28   Data          96  dji_harddriver.o(.constdata__ZTVN3DJI10onboardSDK10HardDriverE)
    Region$$Table$$Base                      0x0800e514   Number         0  anon$$obj.o(Region$$Table)
    Region$$Table$$Limit                     0x0800e534   Number         0  anon$$obj.o(Region$$Table)
    SHT$$INIT_ARRAY$$Base                    0x0800e534   Number         0  main.o(.init_array)
    SHT$$INIT_ARRAY$$Limit                   0x0800e540   Number         0  cpp_init.o(.init_array)
    driver                                   0x20000000   Data           4  main.o(.data)
    coreApi                                  0x20000004   Data           4  main.o(.data)
    flight                                   0x20000008   Data           8  main.o(.data)
    myVRCdata                                0x20000010   Data          64  main.o(.data)
    VRCdataTurnF                             0x20000091   Data          64  virtualrc.o(.data)
    myFreq                                   0x200000d1   Data          16  localnavigation.o(.data)
    tick                                     0x200000e4   Data           4  timer.o(.data)
    SystemCoreClock                          0x200000f8   Data           4  system_stm32f4xx.o(.data)
    AHBPrescTable                            0x200000fc   Data          16  system_stm32f4xx.o(.data)
    DJI::onboardSDK::encrypt                 0x2000010c   Data           1  dji_api.o(.data)
    crc_tab16                                0x20000110   Data         512  dji_codec.o(.data)
    crc_tab32                                0x20000310   Data        1024  dji_codec.o(.data)
    callBack                                 0x20000710   Data           4  dji_link.o(.data)
    data                                     0x20000714   Data           4  dji_link.o(.data)
    protHeader                               0x20000718   Data           4  dji_link.o(.data)
    DJI::onboardSDK::missionACKMAP           0x2000071c   Data         480  dji_mission.o(.data)
    __stdout                                 0x200008fc   Data           4  stdout.o(.data)
    __microlib_freelist                      0x20000910   Data           4  mvars.o(.data)
    __microlib_freelist_initialised          0x20000914   Data           4  mvars.o(.data)
    defaultAPI                               0x20000918   Data        5392  main.o(.bss)
    flightData                               0x20001e28   Data          17  main.o(.bss)
    virtualrc                                0x20001e3c   Data          68  main.o(.bss)
    hotpoint                                 0x20001e80   Data          56  hotpoint.o(.bss)
    myGPSData                                0x20001eb8   Data          24  hotpoint.o(.bss)
    myHotPointData                           0x20001ed0   Data          51  hotpoint.o(.bss)
    myTerminal                               0x20001f04   Data          44  receive.o(.bss)
    droneState                               0x20001f30   Data          64  localnavigation.o(.bss)
    DJI::onboardSDK::buffer                  0x20001f70   Data        1024  dji_harddriver.o(.bss)
    __heap_base                              0x20002370   Data           0  startup_stm32f40_41xxx.o(HEAP)
    __heap_limit                             0x20006370   Data           0  startup_stm32f40_41xxx.o(HEAP)
    __initial_sp                             0x20006770   Data           0  startup_stm32f40_41xxx.o(STACK)



==============================================================================

Memory Map of the image

  Image Entry point : 0x08000189

  Load Region LR_IROM1 (Base: 0x08000000, Size: 0x0000ee58, Max: 0x00080000, ABSOLUTE, COMPRESSED[0x0000ed08])

    Execution Region ER_IROM1 (Base: 0x08000000, Size: 0x0000e540, Max: 0x00080000, ABSOLUTE)

    Base Addr    Size         Type   Attr      Idx    E Section Name        Object

    0x08000000   0x00000188   Data   RO         1520    RESET               startup_stm32f40_41xxx.o
    0x08000188   0x00000000   Code   RO         2224  * .ARM.Collect$$$$00000000  mc_w.l(entry.o)
    0x08000188   0x00000004   Code   RO         2620    .ARM.Collect$$$$00000001  mc_w.l(entry2.o)
    0x0800018c   0x00000004   Code   RO         2623    .ARM.Collect$$$$00000004  mc_w.l(entry5.o)
    0x08000190   0x00000000   Code   RO         2625    .ARM.Collect$$$$00000008  mc_w.l(entry7b.o)
    0x08000190   0x00000004   Code   RO         2626    .ARM.Collect$$$$00000009  mc_w.l(entry8a.o)
    0x08000194   0x00000000   Code   RO         2627    .ARM.Collect$$$$0000000A  mc_w.l(entry8b.o)
    0x08000194   0x00000008   Code   RO         2628    .ARM.Collect$$$$0000000B  mc_w.l(entry9a.o)
    0x0800019c   0x00000000   Code   RO         2630    .ARM.Collect$$$$0000000D  mc_w.l(entry10a.o)
    0x0800019c   0x00000000   Code   RO         2632    .ARM.Collect$$$$0000000F  mc_w.l(entry11a.o)
    0x0800019c   0x00000004   Code   RO         2621    .ARM.Collect$$$$00002712  mc_w.l(entry2.o)
    0x080001a0   0x00000024   Code   RO            3    .text               cppforstm32.o
    0x080001c4   0x000001a8   Code   RO           98    .text               main.o
    0x0800036c   0x00000034   Code   RO          242    .text               activate.o
    0x080003a0   0x00000058   Code   RO          296    .text               virtualrc.o
    0x080003f8   0x000000f0   Code   RO          324    .text               hotpoint.o
    0x080004e8   0x0000048c   Code   RO          378    .text               receive.o
    0x08000974   0x0000004c   Code   RO          409    .text               driver.o
    0x080009c0   0x00000258   Code   RO          568    .text               mobilecommand.o
    0x08000c18   0x000003b8   Code   RO          694    .text               localnavigation.o
    0x08000fd0   0x000001c4   Code   RO          816    .text               bspusart.o
    0x08001194   0x00000014   Code   RO          850    .text               bsp.o
    0x080011a8   0x00000220   Code   RO          883    .text               timer.o
    0x080013c8   0x000000e0   Code   RO          936    .text               misc.o
    0x080014a8   0x0000025c   Code   RO         1211    .text               stm32f4xx_gpio.o
    0x08001704   0x00000598   Code   RO         1297    .text               stm32f4xx_rcc.o
    0x08001c9c   0x00000ca2   Code   RO         1431    .text               stm32f4xx_tim.o
    0x0800293e   0x00000002   PAD
    0x08002940   0x00000454   Code   RO         1451    .text               stm32f4xx_usart.o
    0x08002d94   0x00000210   Code   RO         1494    .text               system_stm32f4xx.o
    0x08002fa4   0x00000024   Code   RO         1521    .text               startup_stm32f40_41xxx.o
    0x08002fc8   0x00001fce   Code   RO         1525    .text               dji_api.o
    0x08004f96   0x00000002   PAD
    0x08004f98   0x00000820   Code   RO         1548    .text               dji_app.o
    0x080057b8   0x00000ddc   Code   RO         1609    .text               dji_codec.o
    0x08006594   0x00001064   Code   RO         1690    .text               dji_flight.o
    0x080075f8   0x00000024   Code   RO         1730    .text               dji_harddriver.o
    0x0800761c   0x00000b5c   Code   RO         1771    .text               dji_hotpoint.o
    0x08008178   0x00001266   Code   RO         1794    .text               dji_link.o
    0x080093de   0x00000002   PAD
    0x080093e0   0x0000078c   Code   RO         1834    .text               dji_memory.o
    0x08009b6c   0x00000258   Code   RO         1852    .text               dji_mission.o
    0x08009dc4   0x000003d0   Code   RO         1869    .text               dji_virtualrc.o
    0x0800a194   0x00000078   Code   RO         1901    .text               arm_cortexM4lf_math.lib(arm_cos_f32.o)
    0x0800a20c   0x00000094   Code   RO         1951    .text               arm_cortexM4lf_math.lib(arm_sin_f32.o)
    0x0800a2a0   0x00000040   Code   RO         2229    .text               mc_w.l(memmovea.o)
    0x0800a2e0   0x00000024   Code   RO         2231    .text               mc_w.l(memseta.o)
    0x0800a304   0x0000001c   Code   RO         2233    .text               mc_w.l(strcmp.o)
    0x0800a320   0x00000038   Code   RO         2500    .text               mc_w.l(__0sscanf.o)
    0x0800a358   0x0000014c   Code   RO         2502    .text               mc_w.l(_scanf_int.o)
    0x0800a4a4   0x00000020   Code   RO         2507    .text               mc_w.l(cpp_init.o)
    0x0800a4c4   0x0000014e   Code   RO         2509    .text               mf_w.l(dadd.o)
    0x0800a612   0x000000e4   Code   RO         2511    .text               mf_w.l(dmul.o)
    0x0800a6f6   0x0000001a   Code   RO         2513    .text               mf_w.l(dfltui.o)
    0x0800a710   0x00000026   Code   RO         2515    .text               mf_w.l(f2d.o)
    0x0800a736   0x00000002   PAD
    0x0800a738   0x00000030   Code   RO         2517    .text               mf_w.l(cdcmple.o)
    0x0800a768   0x00000030   Code   RO         2519    .text               mf_w.l(cdrcmple.o)
    0x0800a798   0x00000038   Code   RO         2521    .text               mf_w.l(d2f.o)
    0x0800a7d0   0x00000004   Code   RO         2526    .text               cpprt_w.l(arm_newhandler_noexceptions.o)
    0x0800a7d4   0x0000002c   Code   RO         2635    .text               mc_w.l(uidiv.o)
    0x0800a800   0x00000062   Code   RO         2637    .text               mc_w.l(uldiv.o)
    0x0800a862   0x0000001e   Code   RO         2639    .text               mc_w.l(llshl.o)
    0x0800a880   0x00000024   Code   RO         2641    .text               mc_w.l(llsshr.o)
    0x0800a8a4   0x0000001c   Code   RO         2678    .text               mc_w.l(_chval.o)
    0x0800a8c0   0x00000028   Code   RO         2680    .text               mc_w.l(scanf_char.o)
    0x0800a8e8   0x00000040   Code   RO         2682    .text               mc_w.l(_sgetc.o)
    0x0800a928   0x00000000   Code   RO         2684    .text               mc_w.l(iusefp.o)
    0x0800a928   0x00000014   Code   RO         2685    .text               mc_w.l(cpp_memory.o)
    0x0800a93c   0x00000002   Code   RO         2688    .text               mc_w.l(cpp_signal.o)
    0x0800a93e   0x0000006e   Code   RO         2690    .text               mf_w.l(fepilogue.o)
    0x0800a9ac   0x000000ba   Code   RO         2692    .text               mf_w.l(depilogue.o)
    0x0800aa66   0x000000de   Code   RO         2694    .text               mf_w.l(ddiv.o)
    0x0800ab44   0x00000030   Code   RO         2698    .text               mf_w.l(dfixul.o)
    0x0800ab74   0x0000001a   Code   RO         2720    .text               cpprt_w.l(arm_exceptions_terminate.o)
    0x0800ab8e   0x00000002   PAD
    0x0800ab90   0x00000050   Code   RO         2723    .text               cpprt_w.l(arm_exceptions_globs.o)
    0x0800abe0   0x00000024   Code   RO         2729    .text               mc_w.l(init.o)
    0x0800ac04   0x00000020   Code   RO         2731    .text               mc_w.l(llushr.o)
    0x0800ac24   0x0000000a   Code   RO         2733    .text               mc_w.l(isspace_c.o)
    0x0800ac2e   0x00000002   PAD
    0x0800ac30   0x0000032c   Code   RO         2737    .text               mc_w.l(_scanf.o)
    0x0800af5c   0x000000a2   Code   RO         2739    .text               mf_w.l(dsqrt.o)
    0x0800affe   0x00000022   Code   RO         2741    .text               mf_w.l(dflti.o)
    0x0800b020   0x0000003e   Code   RO         2743    .text               mf_w.l(dfixi.o)
    0x0800b05e   0x0000003c   Code   RO         2748    .text               cpprt_w.l(arm_exceptions_mem.o)
    0x0800b09a   0x00000002   PAD
    0x0800b09c   0x00000028   Code   RO         2758    .text               mc_w.l(ctype_c.o)
    0x0800b0c4   0x00000056   Code   RO         2773    .text               mc_w.l(__dczerorl2.o)
    0x0800b11a   0x0000003a   Code   RO         1560    i._Z8passDatatRtPvPhjRj  dji_app.o
    0x0800b154   0x00000002   Code   RO          528    i._ZN3DJI10onboardSDK10HardDriver12nonBlockWaitEv  driver.o
    0x0800b156   0x00000002   Code   RO          516    i._ZN3DJI10onboardSDK10HardDriver17freeNonBlockCBAckEv  driver.o
    0x0800b158   0x00000002   Code   RO          510    i._ZN3DJI10onboardSDK10HardDriver17lockNonBlockCBAckEv  driver.o
    0x0800b15a   0x00000002   Code   RO          504    i._ZN3DJI10onboardSDK10HardDriver18freeProtocolHeaderEv  driver.o
    0x0800b15c   0x00000002   Code   RO          498    i._ZN3DJI10onboardSDK10HardDriver18lockProtocolHeaderEv  driver.o
    0x0800b15e   0x00000002   Code   RO          522    i._ZN3DJI10onboardSDK10HardDriver23notifyNonBlockCBAckRecvEv  driver.o
    0x0800b160   0x00000002   Code   RO          453    i._ZN7STM32F410freeMemoryEv  driver.o
    0x0800b162   0x00000002   Code   RO          447    i._ZN7STM32F410lockMemoryEv  driver.o
    0x0800b164   0x00000002   Code   RO          489    i._ZN7STM32F44waitEi  driver.o
    0x0800b166   0x00000002   Code   RO          483    i._ZN7STM32F46notifyEv  driver.o
    0x0800b168   0x00000002   Code   RO          477    i._ZN7STM32F47freeACKEv  driver.o
    0x0800b16a   0x00000002   Code   RO          465    i._ZN7STM32F47freeMSGEv  driver.o
    0x0800b16c   0x00000002   Code   RO          471    i._ZN7STM32F47lockACKEv  driver.o
    0x0800b16e   0x00000002   Code   RO          459    i._ZN7STM32F47lockMSGEv  driver.o
    0x0800b170   0x00000006   Code   RO          441    i._ZN7STM32F47readallEPhj  driver.o
    0x0800b176   0x00000002   PAD
    0x0800b178   0x00000028   Code   RO         2061    i._Znwj             cpprt_w.l(new.o)
    0x0800b1a0   0x00000020   Code   RO         2472    i.__0printf         mc_w.l(printfa.o)
    0x0800b1c0   0x00000028   Code   RO         2474    i.__0sprintf        mc_w.l(printfa.o)
    0x0800b1e8   0x00000030   Code   RO         2592    i.__ARM_fpclassify  m_wm.l(fpclassify.o)
    0x0800b218   0x00000006   Code   RO         2065    i.__cxa_pure_virtual  cpprt_w.l(pure_virt.o)
    0x0800b21e   0x00000002   PAD
    0x0800b220   0x00000360   Code   RO         2174    i.__hardfp_asin     m_wm.l(asin.o)
    0x0800b580   0x000002d8   Code   RO         2555    i.__hardfp_atan     m_wm.l(atan.o)
    0x0800b858   0x000001f0   Code   RO         2188    i.__hardfp_atan2    m_wm.l(atan2.o)
    0x0800ba48   0x000000c8   Code   RO         2200    i.__hardfp_cos      m_wm.l(cos.o)
    0x0800bb10   0x000000c8   Code   RO         2212    i.__hardfp_sin      m_wm.l(sin.o)
    0x0800bbd8   0x00000438   Code   RO         2597    i.__ieee754_rem_pio2  m_wm.l(rred.o)
    0x0800c010   0x00000170   Code   RO         2569    i.__kernel_cos      m_wm.l(cos_i.o)
    0x0800c180   0x000000f8   Code   RO         2594    i.__kernel_poly     m_wm.l(poly.o)
    0x0800c278   0x00000130   Code   RO         2602    i.__kernel_sin      m_wm.l(sin_i.o)
    0x0800c3a8   0x00000014   Code   RO         2573    i.__mathlib_dbl_infnan  m_wm.l(dunder.o)
    0x0800c3bc   0x00000014   Code   RO         2574    i.__mathlib_dbl_infnan2  m_wm.l(dunder.o)
    0x0800c3d0   0x00000020   Code   RO         2575    i.__mathlib_dbl_invalid  m_wm.l(dunder.o)
    0x0800c3f0   0x00000020   Code   RO         2578    i.__mathlib_dbl_underflow  m_wm.l(dunder.o)
    0x0800c410   0x0000000e   Code   RO         2767    i.__scatterload_copy  mc_w.l(handlers.o)
    0x0800c41e   0x00000002   Code   RO         2768    i.__scatterload_null  mc_w.l(handlers.o)
    0x0800c420   0x0000000e   Code   RO         2769    i.__scatterload_zeroinit  mc_w.l(handlers.o)
    0x0800c42e   0x00000002   PAD
    0x0800c430   0x0000000c   Code   RO         2673    i.__set_errno       mc_w.l(errno.o)
    0x0800c43c   0x00000184   Code   RO         2479    i._fp_digits        mc_w.l(printfa.o)
    0x0800c5c0   0x000006dc   Code   RO         2480    i._printf_core      mc_w.l(printfa.o)
    0x0800cc9c   0x00000024   Code   RO         2481    i._printf_post_padding  mc_w.l(printfa.o)
    0x0800ccc0   0x0000002e   Code   RO         2482    i._printf_pre_padding  mc_w.l(printfa.o)
    0x0800ccee   0x0000000a   Code   RO         2484    i._sputc            mc_w.l(printfa.o)
    0x0800ccf8   0x00000010   Code   RO         2557    i.atan              m_wm.l(atan.o)
    0x0800cd08   0x00000018   Code   RO         2588    i.fabs              m_wm.l(fabs.o)
    0x0800cd20   0x0000006c   Code   RO         2644    i.malloc            mc_w.l(malloc.o)
    0x0800cd8c   0x0000006e   Code   RO         2610    i.sqrt              m_wm.l(sqrt_full.o)
    0x0800cdfa   0x00000083   Data   RO         1528    .constdata          dji_api.o
    0x0800ce7d   0x00000016   Data   RO         1551    .constdata          dji_app.o
    0x0800ce93   0x00000222   Data   RO         1612    .constdata          dji_codec.o
    0x0800d0b5   0x00000019   Data   RO         1693    .constdata          dji_flight.o
    0x0800d0ce   0x0000001b   Data   RO         1774    .constdata          dji_hotpoint.o
    0x0800d0e9   0x00000038   Data   RO         1797    .constdata          dji_link.o
    0x0800d121   0x00000003   PAD
    0x0800d124   0x0000002a   Data   RO         1837    .constdata          dji_memory.o
    0x0800d14e   0x00000024   Data   RO         1855    .constdata          dji_mission.o
    0x0800d172   0x00000002   PAD
    0x0800d174   0x00000804   Data   RO         2031    .constdata          arm_cortexM4lf_math.lib(arm_common_tables.o)
    0x0800d978   0x00000050   Data   RO         2177    .constdata          m_wm.l(asin.o)
    0x0800d9c8   0x00000098   Data   RO         2558    .constdata          m_wm.l(atan.o)
    0x0800da60   0x00000030   Data   RO         2570    .constdata          m_wm.l(cos_i.o)
    0x0800da90   0x00000008   Data   RO         2596    .constdata          m_wm.l(qnan.o)
    0x0800da98   0x000000c8   Data   RO         2599    .constdata          m_wm.l(rred.o)
    0x0800db60   0x00000028   Data   RO         2603    .constdata          m_wm.l(sin_i.o)
    0x0800db88   0x00000040   Data   RO         2759    .constdata          mc_w.l(ctype_c.o)
    0x0800dbc8   0x00000060   Data   RO          425    .constdata__ZTV7STM32F4  driver.o
    0x0800dc28   0x00000060   Data   RO         1742    .constdata__ZTVN3DJI10onboardSDK10HardDriverE  dji_harddriver.o
    0x0800dc88   0x000000ae   Data   RO          101    .conststring        main.o
    0x0800dd36   0x00000002   PAD
    0x0800dd38   0x00000107   Data   RO         1529    .conststring        dji_api.o
    0x0800de3f   0x00000001   PAD
    0x0800de40   0x0000005f   Data   RO         1613    .conststring        dji_codec.o
    0x0800de9f   0x00000001   PAD
    0x0800dea0   0x00000673   Data   RO         1856    .conststring        dji_mission.o
    0x0800e513   0x00000001   PAD
    0x0800e514   0x00000020   Data   RO         2765    Region$$Table       anon$$obj.o
    0x0800e534   0x00000004   Data   RO          103    .init_array         main.o
    0x0800e538   0x00000004   Data   RO          327    .init_array         hotpoint.o
    0x0800e53c   0x00000004   Data   RO          381    .init_array         receive.o
    0x0800e540   0x00000000   Data   RO         2505    .init_array         mc_w.l(cpp_init.o)


    Execution Region RW_IRAM1 (Base: 0x20000000, Size: 0x00006770, Max: 0x00020000, ABSOLUTE, COMPRESSED[0x000007c8])

    Base Addr    Size         Type   Attr      Idx    E Section Name        Object

    0x20000000   0x00000050   Data   RW          102    .data               main.o
    0x20000050   0x00000041   Data   RW          244    .data               activate.o
    0x20000091   0x00000040   Data   RW          298    .data               virtualrc.o
    0x200000d1   0x00000010   Data   RW          697    .data               localnavigation.o
    0x200000e1   0x00000003   PAD
    0x200000e4   0x00000004   Data   RW          885    .data               timer.o
    0x200000e8   0x00000010   Data   RW         1298    .data               stm32f4xx_rcc.o
    0x200000f8   0x00000014   Data   RW         1495    .data               system_stm32f4xx.o
    0x2000010c   0x00000001   Data   RW         1530    .data               dji_api.o
    0x2000010d   0x00000003   PAD
    0x20000110   0x00000600   Data   RW         1614    .data               dji_codec.o
    0x20000710   0x0000000c   Data   RW         1798    .data               dji_link.o
    0x2000071c   0x000001e0   Data   RW         1857    .data               dji_mission.o
    0x200008fc   0x00000004   Data   RW         2634    .data               mc_w.l(stdout.o)
    0x20000900   0x00000004   Data   RW         2674    .data               mc_w.l(errno.o)
    0x20000904   0x0000000c   Data   RW         2686    .data               mc_w.l(cpp_memory.o)
    0x20000910   0x00000004   Data   RW         2735    .data               mc_w.l(mvars.o)
    0x20000914   0x00000004   Data   RW         2736    .data               mc_w.l(mvars.o)
    0x20000918   0x00001568   Zero   RW          100    .bss                main.o
    0x20001e80   0x00000083   Zero   RW          326    .bss                hotpoint.o
    0x20001f03   0x00000001   PAD
    0x20001f04   0x0000002c   Zero   RW          380    .bss                receive.o
    0x20001f30   0x00000040   Zero   RW          696    .bss                localnavigation.o
    0x20001f70   0x00000400   Zero   RW         1732    .bss                dji_harddriver.o
    0x20002370   0x00004000   Zero   RW         1519    HEAP                startup_stm32f40_41xxx.o
    0x20006370   0x00000400   Zero   RW         1518    STACK               startup_stm32f40_41xxx.o


==============================================================================

Image component sizes


      Code (inc. data)   RO Data    RW Data    ZI Data      Debug   Object Name

        52         18          0         65          0      29908   activate.o
        20          0          0          0          0        518   bsp.o
       452         20          0          0          0       1672   bspusart.o
        36          4          0          0          0     251280   cppforstm32.o
      8142       1188        394          1          0      39640   dji_api.o
      2138        420         22          0          0      29346   dji_app.o
      3548        392        641       1536          0      37723   dji_codec.o
      4196        408         25          0          0      10192   dji_flight.o
         0          0          0          0          0      21572   dji_follow.o
        36          8         96          0       1024       3372   dji_harddriver.o
      2908        246         27          0          0      32508   dji_hotpoint.o
      4710        428         56         12          0       8229   dji_link.o
      1932        184         42          0          0       5025   dji_memory.o
       600        190       1687        480          0       3976   dji_mission.o
       976         12          0          0          0       5120   dji_virtualrc.o
       110          8         96          0          0      12879   driver.o
       240         12          4          0        131      28299   hotpoint.o
       952        108          0         16         64      45580   localnavigation.o
       424        142        178         80       5480      33813   main.o
       224         20          0          0          0     265129   misc.o
       600          4          0          0          0      38792   mobilecommand.o
      1164        152          4          0         44       3478   receive.o
        36          8        392          0      17408        904   startup_stm32f40_41xxx.o
       604         36          0          0          0       4361   stm32f4xx_gpio.o
      1432         54          0         16          0      11660   stm32f4xx_rcc.o
      3234         60          0          0          0      23248   stm32f4xx_tim.o
      1108         34          0          0          0       8116   stm32f4xx_usart.o
       528         46          0         20          0       2031   system_stm32f4xx.o
       544         44          0          4          0      28651   timer.o
        88         12          0         64          0      22774   virtualrc.o

    ----------------------------------------------------------------------
     41042       4258       3706       2300      24152    1009796   Object Totals
         0          0         32          0          0          0   (incl. Generated)
         8          0         10          6          1          0   (incl. Padding)

    ----------------------------------------------------------------------

      Code (inc. data)   RO Data    RW Data    ZI Data      Debug   Library Member Name

         0          0       2052          0          0       4704   arm_common_tables.o
       120         12          0          0          0      17170   arm_cos_f32.o
       148         18          0          0          0        814   arm_sin_f32.o
        80         12          0          0          0        104   arm_exceptions_globs.o
        60          0          0          0          0        108   arm_exceptions_mem.o
        26          0          0          0          0         76   arm_exceptions_terminate.o
         4          0          0          0          0         68   arm_newhandler_noexceptions.o
        40          6          0          0          0         76   new.o
         6          0          0          0          0         68   pure_virt.o
       864         94         80          0          0        280   asin.o
       744        106        152          0          0        352   atan.o
       496         64          0          0          0        192   atan2.o
       200         20          0          0          0        164   cos.o
       368         46         48          0          0        200   cos_i.o
       104         16          0          0          0        496   dunder.o
        24          0          0          0          0        124   fabs.o
        48          0          0          0          0        124   fpclassify.o
       248          0          0          0          0        152   poly.o
         0          0          8          0          0          0   qnan.o
      1080        142        200          0          0        188   rred.o
       200         20          0          0          0        164   sin.o
       304         24         40          0          0        208   sin_i.o
       110          0          0          0          0        148   sqrt_full.o
        56          8          0          0          0         84   __0sscanf.o
        86          0          0          0          0          0   __dczerorl2.o
        28          0          0          0          0         68   _chval.o
       812          4          0          0          0        112   _scanf.o
       332          0          0          0          0         96   _scanf_int.o
        64          0          0          0          0         84   _sgetc.o
        32         10          0          0          0         80   cpp_init.o
        20          4          0         12          0        136   cpp_memory.o
         2          0          0          0          0         68   cpp_signal.o
        40          6         64          0          0         68   ctype_c.o
         0          0          0          0          0          0   entry.o
         0          0          0          0          0          0   entry10a.o
         0          0          0          0          0          0   entry11a.o
         8          4          0          0          0          0   entry2.o
         4          0          0          0          0          0   entry5.o
         0          0          0          0          0          0   entry7b.o
         4          0          0          0          0          0   entry8a.o
         0          0          0          0          0          0   entry8b.o
         8          4          0          0          0          0   entry9a.o
        12          6          0          4          0         68   errno.o
        30          0          0          0          0          0   handlers.o
        36          8          0          0          0         68   init.o
        10          0          0          0          0         68   isspace_c.o
         0          0          0          0          0          0   iusefp.o
        30          0          0          0          0         68   llshl.o
        36          0          0          0          0         68   llsshr.o
        32          0          0          0          0         68   llushr.o
       108         16          0          0          0         84   malloc.o
        64          0          0          0          0         76   memmovea.o
        36          0          0          0          0        108   memseta.o
         0          0          0          8          0          0   mvars.o
      2308         96          0          0          0        604   printfa.o
        40          8          0          0          0         84   scanf_char.o
         0          0          0          4          0          0   stdout.o
        28          0          0          0          0         76   strcmp.o
        44          0          0          0          0         80   uidiv.o
        98          0          0          0          0         92   uldiv.o
        48          0          0          0          0         68   cdcmple.o
        48          0          0          0          0         68   cdrcmple.o
        56          0          0          0          0         88   d2f.o
       334          0          0          0          0        148   dadd.o
       222          0          0          0          0        100   ddiv.o
       186          0          0          0          0        176   depilogue.o
        62          0          0          0          0         80   dfixi.o
        48          0          0          0          0         68   dfixul.o
        34          0          0          0          0         76   dflti.o
        26          0          0          0          0         76   dfltui.o
       228          0          0          0          0         96   dmul.o
       162          0          0          0          0        100   dsqrt.o
        38          0          0          0          0         68   f2d.o
       110          0          0          0          0        168   fepilogue.o

    ----------------------------------------------------------------------
     11296        754       2644         28          0      29768   Library Totals
        12          0          0          0          0          0   (incl. Padding)

    ----------------------------------------------------------------------

      Code (inc. data)   RO Data    RW Data    ZI Data      Debug   Library Name

       268         30       2052          0          0      22688   arm_cortexM4lf_math.lib
       216         18          0          0          0        500   cpprt_w.l
      4790        532        528          0          0       2792   m_wm.l
      4408        174         64         28          0       2408   mc_w.l
      1602          0          0          0          0       1380   mf_w.l

    ----------------------------------------------------------------------
     11296        754       2644         28          0      29768   Library Totals

    ----------------------------------------------------------------------

==============================================================================


      Code (inc. data)   RO Data    RW Data    ZI Data      Debug   

     52338       5012       6350       2328      24152    1028256   Grand Totals
     52338       5012       6350       1992      24152    1028256   ELF Image Totals (compressed)
     52338       5012       6350       1992          0          0   ROM Totals

==============================================================================

    Total RO  Size (Code + RO Data)                58688 (  57.31kB)
    Total RW  Size (RW Data + ZI Data)             26480 (  25.86kB)
    Total ROM Size (Code + RO Data + RW Data)      60680 (  59.26kB)

==============================================================================

